 Turtle_RRT_Algorithm_sfun

 Timestamp is 65027052 (Thu Sep 14 11:30:42 2023)

 Preferred load address is 0000000180000000

 Start         Length     Name                   Class
 0001:00000000 00012380H .text$mn                CODE
 0001:00012380 00000036H .text$mn$00             CODE
 0001:000123b6 00000092H .text$x                 CODE
 0002:00000000 00000430H .idata$5                DATA
 0002:00000430 00000038H .00cfg                  DATA
 0002:00000468 00000008H .CRT$XCA                DATA
 0002:00000470 00000008H .CRT$XCZ                DATA
 0002:00000478 00000008H .CRT$XIA                DATA
 0002:00000480 00000008H .CRT$XIZ                DATA
 0002:00000488 00000008H .CRT$XPA                DATA
 0002:00000490 00000008H .CRT$XPZ                DATA
 0002:00000498 00000008H .CRT$XTA                DATA
 0002:000004a0 00000010H .CRT$XTZ                DATA
 0002:000004a8 00000000H .gehcont$y              DATA
 0002:000004a8 00000000H .gfids$y                DATA
 0002:000004b0 00003bd0H .rdata                  DATA
 0002:00004080 00000080H .rdata$CastGuardVftablesA DATA
 0002:00004100 00000080H .rdata$CastGuardVftablesC DATA
 0002:00004180 0000017cH .rdata$voltmd           DATA
 0002:000042fc 0000027cH .rdata$zzzdbg           DATA
 0002:00004578 00000008H .rtc$IAA                DATA
 0002:00004580 00000008H .rtc$IZZ                DATA
 0002:00004588 00000008H .rtc$TAA                DATA
 0002:00004590 00000008H .rtc$TZZ                DATA
 0002:00004598 00000ae8H .xdata                  DATA
 0002:00005080 00000084H .edata                  DATA
 0002:00005104 00000104H .idata$2                DATA
 0002:00005208 00000018H .idata$3                DATA
 0002:00005220 00000430H .idata$4                DATA
 0002:00005650 00000b88H .idata$6                DATA
 0003:00000000 000001d0H .data                   DATA
 0003:000001d0 00000c40H .bss                    DATA
 0004:00000000 00000d80H .pdata                  DATA

  Address         Publics by Value              Rva+Base               Lib:Object

 0000:00000000       __AbsoluteZero             0000000000000000     <absolute>
 0000:00000000       ___safe_se_handler_count   0000000000000000     <absolute>
 0000:00000000       ___safe_se_handler_table   0000000000000000     <absolute>
 0000:00000000       __arm64x_extra_rfe_table   0000000000000000     <absolute>
 0000:00000000       __arm64x_extra_rfe_table_size 0000000000000000     <absolute>
 0000:00000000       __arm64x_native_entrypoint 0000000000000000     <absolute>
 0000:00000000       __arm64x_redirection_metadata 0000000000000000     <absolute>
 0000:00000000       __arm64x_redirection_metadata_count 0000000000000000     <absolute>
 0000:00000000       __dynamic_value_reloc_table 0000000000000000     <absolute>
 0000:00000000       __enclave_config           0000000000000000     <absolute>
 0000:00000000       __guard_check_icall_a64n_fptr 0000000000000000     <absolute>
 0000:00000000       __guard_eh_cont_count      0000000000000000     <absolute>
 0000:00000000       __guard_eh_cont_table      0000000000000000     <absolute>
 0000:00000000       __guard_fids_count         0000000000000000     <absolute>
 0000:00000000       __guard_fids_table         0000000000000000     <absolute>
 0000:00000000       __guard_iat_count          0000000000000000     <absolute>
 0000:00000000       __guard_iat_table          0000000000000000     <absolute>
 0000:00000000       __guard_longjmp_count      0000000000000000     <absolute>
 0000:00000000       __guard_longjmp_table      0000000000000000     <absolute>
 0000:00000000       __hybrid_auxiliary_delayload_iat 0000000000000000     <absolute>
 0000:00000000       __hybrid_auxiliary_delayload_iat_copy 0000000000000000     <absolute>
 0000:00000000       __hybrid_auxiliary_iat     0000000000000000     <absolute>
 0000:00000000       __hybrid_auxiliary_iat_copy 0000000000000000     <absolute>
 0000:00000000       __hybrid_code_map          0000000000000000     <absolute>
 0000:00000000       __hybrid_code_map_count    0000000000000000     <absolute>
 0000:00000000       __x64_code_ranges_to_entry_points 0000000000000000     <absolute>
 0000:00000000       __x64_code_ranges_to_entry_points_count 0000000000000000     <absolute>
 0000:00000100       __guard_flags              0000000000000100     <absolute>
 0000:00000000       __ImageBase                0000000180000000     <linker-defined>
 0001:00000000       ?Turtle_RRT_Algorithm_initializer@@YAXXZ 0000000180001000 f   Turtle_RRT_Algorithm_sfun.obj
 0001:00000010       ?Turtle_RRT_Algorithm_terminator@@YAXXZ 0000000180001010 f   Turtle_RRT_Algorithm_sfun.obj
 0001:00000020       ?load_Turtle_RRT_Algorithm_optimization_info@@YAPEAUmxArray_tag@@EEE@Z 0000000180001020 f   Turtle_RRT_Algorithm_sfun.obj
 0001:000000d0       ?unload_Turtle_RRT_Algorithm_optimization_info@@YAXXZ 00000001800010d0 f   Turtle_RRT_Algorithm_sfun.obj
 0001:00000100       ?sf_Turtle_RRT_Algorithm_method_dispatcher@@YAIPEAUSimStruct_tag@@IPEBDHPEAX@Z 0000000180001100 f   Turtle_RRT_Algorithm_sfun.obj
 0001:00000150       ?sf_Turtle_RRT_Algorithm_process_check_sum_call@@YAIHQEAPEAUmxArray_tag@@HQEAPEBU1@@Z 0000000180001150 f   Turtle_RRT_Algorithm_sfun.obj
 0001:00000640       ?sf_Turtle_RRT_Algorithm_get_eml_resolved_functions_info@@YAIHQEAPEAUmxArray_tag@@HQEAPEBU1@@Z 0000000180001640 f   Turtle_RRT_Algorithm_sfun.obj
 0001:00000820       ?sf_Turtle_RRT_Algorithm_third_party_uses_info@@YAIHQEAPEAUmxArray_tag@@HQEAPEBU1@@Z 0000000180001820 f   Turtle_RRT_Algorithm_sfun.obj
 0001:000009f0       ?sf_Turtle_RRT_Algorithm_jit_fallback_info@@YAIHQEAPEAUmxArray_tag@@HQEAPEBU1@@Z 00000001800019f0 f   Turtle_RRT_Algorithm_sfun.obj
 0001:00000bc0       ?sf_Turtle_RRT_Algorithm_get_post_codegen_info@@YAIHQEAPEAUmxArray_tag@@HQEAPEBU1@@Z 0000000180001bc0 f   Turtle_RRT_Algorithm_sfun.obj
 0001:00000da0       ?sf_Turtle_RRT_Algorithm_updateBuildInfo_args_info@@YAIHQEAPEAUmxArray_tag@@HQEAPEBU1@@Z 0000000180001da0 f   Turtle_RRT_Algorithm_sfun.obj
 0001:00000f70       ?Turtle_RRT_Algorithm_register_exported_symbols@@YAXPEAUSimStruct_tag@@@Z 0000000180001f70 f   Turtle_RRT_Algorithm_sfun.obj
 0001:00000f80       ?sf_c8_Turtle_RRT_Algorithm_get_eml_resolved_functions_info@@YAPEBUmxArray_tag@@XZ 0000000180001f80 f   c8_Turtle_RRT_Algorithm.obj
 0001:00001000       ?sf_c8_Turtle_RRT_Algorithm_get_check_sum@@YAXQEAPEAUmxArray_tag@@@Z 0000000180002000 f   c8_Turtle_RRT_Algorithm.obj
 0001:000010d0       ?c8_Turtle_RRT_Algorithm_method_dispatcher@@YAXPEAUSimStruct_tag@@HPEAX@Z 00000001800020d0 f   c8_Turtle_RRT_Algorithm.obj
 0001:00003c00       ?sf_c8_Turtle_RRT_Algorithm_third_party_uses_info@@YAPEAUmxArray_tag@@XZ 0000000180004c00 f   c8_Turtle_RRT_Algorithm.obj
 0001:00003c30       ?sf_c8_Turtle_RRT_Algorithm_jit_fallback_info@@YAPEAUmxArray_tag@@XZ 0000000180004c30 f   c8_Turtle_RRT_Algorithm.obj
 0001:00003dc0       ?sf_c8_Turtle_RRT_Algorithm_updateBuildInfo_args_info@@YAPEAUmxArray_tag@@XZ 0000000180004dc0 f   c8_Turtle_RRT_Algorithm.obj
 0001:00004180       ?sf_c8_Turtle_RRT_Algorithm_get_post_codegen_info@@YAPEBDXZ 0000000180005180 f   c8_Turtle_RRT_Algorithm.obj
 0001:000046a0       ??2@YAPEAX_KPEAX@Z         00000001800056a0 f i c8_Turtle_RRT_Algorithm.obj
 0001:000046b0       mexFunction                00000001800056b0 f   Turtle_RRT_Algorithm_sfun_registry.obj
 0001:00006f80       _ssSetInputPortDirectFeedThroughFcn 0000000180007f80 f   Turtle_RRT_Algorithm_sfun_registry.obj
 0001:00007100       _ssSetRWorkValueFcn        0000000180008100 f   Turtle_RRT_Algorithm_sfun_registry.obj
 0001:00007180       _ssGetRWorkValueFcn        0000000180008180 f   Turtle_RRT_Algorithm_sfun_registry.obj
 0001:000071f0       _ssSetIWorkValueFcn        00000001800081f0 f   Turtle_RRT_Algorithm_sfun_registry.obj
 0001:00007270       _ssGetIWorkValueFcn        0000000180008270 f   Turtle_RRT_Algorithm_sfun_registry.obj
 0001:000072e0       _ssSetPWorkValueFcn        00000001800082e0 f   Turtle_RRT_Algorithm_sfun_registry.obj
 0001:00007360       _ssGetPWorkValueFcn        0000000180008360 f   Turtle_RRT_Algorithm_sfun_registry.obj
 0001:000073d0       _ssGetInputPortSignalFcn   00000001800083d0 f   Turtle_RRT_Algorithm_sfun_registry.obj
 0001:00007780       _ssGetInputPortBufferDstPortFcn 0000000180008780 f   Turtle_RRT_Algorithm_sfun_registry.obj
 0001:00007800       _ssGetInputPortSignalPtrsFcn 0000000180008800 f   Turtle_RRT_Algorithm_sfun_registry.obj
 0001:00007bb0       ssGetParameterTuningCompliance 0000000180008bb0 f   Turtle_RRT_Algorithm_sfun_registry.obj
 0001:00007c20       _ssReadInputStringFcn      0000000180008c20 f   Turtle_RRT_Algorithm_sfun_registry.obj
 0001:00007c90       ssGetDTypeIdFromMxArray    0000000180008c90 f   Turtle_RRT_Algorithm_sfun_registry.obj
 0001:00007db0       ssWriteRTWMx2dMatParam     0000000180008db0 f   Turtle_RRT_Algorithm_sfun_registry.obj
 0001:00007e40       ssWriteRTWMxVectParam      0000000180008e40 f   Turtle_RRT_Algorithm_sfun_registry.obj
 0001:00007ec0       ssWriteRTWParameters       0000000180008ec0 f   Turtle_RRT_Algorithm_sfun_registry.obj
 0001:000089c0       ssWriteRTWParamSettings    00000001800099c0 f   Turtle_RRT_Algorithm_sfun_registry.obj
 0001:00009700       ssWriteRTWStr              000000018000a700 f   Turtle_RRT_Algorithm_sfun_registry.obj
 0001:00009760       ssWriteRTWWorkVect         000000018000a760 f   Turtle_RRT_Algorithm_sfun_registry.obj
 0001:00009d50       ssWarning                  000000018000ad50 f   Turtle_RRT_Algorithm_sfun_registry.obj
 0001:00009e40       ssGetRootSS                000000018000ae40 f   Turtle_RRT_Algorithm_sfun_registry.obj
 0001:00009f00       ssGetParentSS              000000018000af00 f   Turtle_RRT_Algorithm_sfun_registry.obj
 0001:00009fc0       ssWriteRTWNameValuePair    000000018000afc0 f   Turtle_RRT_Algorithm_sfun_registry.obj
 0001:0000a740       _ssSetInputPortMatrixDimensions 000000018000b740 f   Turtle_RRT_Algorithm_sfun_registry.obj
 0001:0000a890       _ssSetOutputPortMatrixDimensions 000000018000b890 f   Turtle_RRT_Algorithm_sfun_registry.obj
 0001:0000a9e0       _ssSetInputPortVectorDimension 000000018000b9e0 f   Turtle_RRT_Algorithm_sfun_registry.obj
 0001:0000aa90       _ssSetOutputPortVectorDimension 000000018000ba90 f   Turtle_RRT_Algorithm_sfun_registry.obj
 0001:0000ab40       ssIsRunTimeParamTunable    000000018000bb40 f   Turtle_RRT_Algorithm_sfun_registry.obj
 0001:0000abb0       ssGetSFuncBlockHandle      000000018000bbb0 f   Turtle_RRT_Algorithm_sfun_registry.obj
 0001:0000ac20       _ssGetCallSystemNumFcnCallDestinations 000000018000bc20 f   Turtle_RRT_Algorithm_sfun_registry.obj
 0001:0000ac90       _ssGetCurrentInputPortWidth 000000018000bc90 f   Turtle_RRT_Algorithm_sfun_registry.obj
 0001:0000add0       _ssGetCurrentOutputPortWidth 000000018000bdd0 f   Turtle_RRT_Algorithm_sfun_registry.obj
 0001:0000af10       ssGetIsZeroCrossControlDisabled 000000018000bf10 f   Turtle_RRT_Algorithm_sfun_registry.obj
 0001:0000af80       ssSetIsInputPortUsedForContZcSignal 000000018000bf80 f   Turtle_RRT_Algorithm_sfun_registry.obj
 0001:0000aff0       ssSetZcSignalIsZcElementDisc 000000018000bff0 f   Turtle_RRT_Algorithm_sfun_registry.obj
 0001:0000b0a0       ssSetZcSignalName          000000018000c0a0 f   Turtle_RRT_Algorithm_sfun_registry.obj
 0001:0000b110       ssSetZcSignalWidth         000000018000c110 f   Turtle_RRT_Algorithm_sfun_registry.obj
 0001:0000b180       ssSetZcSignalZcEventType   000000018000c180 f   Turtle_RRT_Algorithm_sfun_registry.obj
 0001:0000b1f0       ssSetZcSignalType          000000018000c1f0 f   Turtle_RRT_Algorithm_sfun_registry.obj
 0001:0000b260       ssSetZcSignalZcTol         000000018000c260 f   Turtle_RRT_Algorithm_sfun_registry.obj
 0001:0000b2d0       ssSetZcSignalNeedsEventNotification 000000018000c2d0 f   Turtle_RRT_Algorithm_sfun_registry.obj
 0001:0000b340       ssCreateAndAddZcSignalInfo 000000018000c340 f   Turtle_RRT_Algorithm_sfun_registry.obj
 0001:0000b3b0       ssCloneAndAddZcSignalInfo  000000018000c3b0 f   Turtle_RRT_Algorithm_sfun_registry.obj
 0001:0000b420       ssGetNumZcSignals          000000018000c420 f   Turtle_RRT_Algorithm_sfun_registry.obj
 0001:0000b490       ssGetZcSignalVector        000000018000c490 f   Turtle_RRT_Algorithm_sfun_registry.obj
 0001:0000b500       ssGetZcSignalName          000000018000c500 f   Turtle_RRT_Algorithm_sfun_registry.obj
 0001:0000b570       ssGetZcSignalWidth         000000018000c570 f   Turtle_RRT_Algorithm_sfun_registry.obj
 0001:0000b5e0       ssGetZcSignalZcEventType   000000018000c5e0 f   Turtle_RRT_Algorithm_sfun_registry.obj
 0001:0000b650       ssGetZcSignalZcEvents      000000018000c650 f   Turtle_RRT_Algorithm_sfun_registry.obj
 0001:0000b6c0       ssGetZcSignalType          000000018000c6c0 f   Turtle_RRT_Algorithm_sfun_registry.obj
 0001:0000b730       ssGetZcSignalZcTol         000000018000c730 f   Turtle_RRT_Algorithm_sfun_registry.obj
 0001:0000b7b0       ssGetZcSignalNeedsEventNotification 000000018000c7b0 f   Turtle_RRT_Algorithm_sfun_registry.obj
 0001:0000b820       ssGetZcSignalIsZcElementDisc 000000018000c820 f   Turtle_RRT_Algorithm_sfun_registry.obj
 0001:0000b8c0       ssGetIsInputPortElementContinuous 000000018000c8c0 f   Turtle_RRT_Algorithm_sfun_registry.obj
 0001:0000b960       _ssGetAbsTol               000000018000c960 f   Turtle_RRT_Algorithm_sfun_registry.obj
 0001:0000b9d0       _ssSetStateAbsTol          000000018000c9d0 f   Turtle_RRT_Algorithm_sfun_registry.obj
 0001:0000bab0       _ssSetInputPortReusableFcn 000000018000cab0 f   Turtle_RRT_Algorithm_sfun_registry.obj
 0001:0000bbc0       _ssSetOutputPortReusableFcn 000000018000cbc0 f   Turtle_RRT_Algorithm_sfun_registry.obj
 0001:0000bcd0       _ssSetSymbolicDimsSupport  000000018000ccd0 f   Turtle_RRT_Algorithm_sfun_registry.obj
 0001:0000bd40       _ssRegisterSymbolicDimsExpr 000000018000cd40 f   Turtle_RRT_Algorithm_sfun_registry.obj
 0001:0000bdc0       _ssRegisterSymbolicDimsMATLABExpr 000000018000cdc0 f   Turtle_RRT_Algorithm_sfun_registry.obj
 0001:0000be50       _ssRegisterSymbolicDims    000000018000ce50 f   Turtle_RRT_Algorithm_sfun_registry.obj
 0001:0000bef0       _ssRegisterSymbolicDimsString 000000018000cef0 f   Turtle_RRT_Algorithm_sfun_registry.obj
 0001:0000bf70       _ssRegisterSymbolicDimsIntValue 000000018000cf70 f   Turtle_RRT_Algorithm_sfun_registry.obj
 0001:0000bfe0       _ssRegisterSymbolicEqualRelation 000000018000cfe0 f   Turtle_RRT_Algorithm_sfun_registry.obj
 0001:0000c050       _ssRegisterSymbolicEqualValue 000000018000d050 f   Turtle_RRT_Algorithm_sfun_registry.obj
 0001:0000c0c0       _ssAmendLeadingSymbolicDims 000000018000d0c0 f   Turtle_RRT_Algorithm_sfun_registry.obj
 0001:0000c140       _ssAmendTrailingSymbolicDims 000000018000d140 f   Turtle_RRT_Algorithm_sfun_registry.obj
 0001:0000c1c0       _ssRegisterSymbolicDimsPlus 000000018000d1c0 f   Turtle_RRT_Algorithm_sfun_registry.obj
 0001:0000c240       _ssRegisterSymbolicDimsMinus 000000018000d240 f   Turtle_RRT_Algorithm_sfun_registry.obj
 0001:0000c2c0       _ssRegisterSymbolicDimsMultiply 000000018000d2c0 f   Turtle_RRT_Algorithm_sfun_registry.obj
 0001:0000c340       _ssRegisterSymbolicDimsDivide 000000018000d340 f   Turtle_RRT_Algorithm_sfun_registry.obj
 0001:0000c3c0       _ssGetNumSymbolicDims      000000018000d3c0 f   Turtle_RRT_Algorithm_sfun_registry.obj
 0001:0000c430       _ssGetSymbolicDim          000000018000d430 f   Turtle_RRT_Algorithm_sfun_registry.obj
 0001:0000c4b0       _ssSetInputPortSymbolicDimsId 000000018000d4b0 f   Turtle_RRT_Algorithm_sfun_registry.obj
 0001:0000c520       _ssGetCompInputPortSymbolicDimsId 000000018000d520 f   Turtle_RRT_Algorithm_sfun_registry.obj
 0001:0000c590       _ssSetCompInputPortSymbolicDimsId 000000018000d590 f   Turtle_RRT_Algorithm_sfun_registry.obj
 0001:0000c600       _ssSetOutputPortSymbolicDimsId 000000018000d600 f   Turtle_RRT_Algorithm_sfun_registry.obj
 0001:0000c670       _ssGetCompOutputPortSymbolicDimsId 000000018000d670 f   Turtle_RRT_Algorithm_sfun_registry.obj
 0001:0000c6e0       _ssSetCompOutputPortSymbolicDimsId 000000018000d6e0 f   Turtle_RRT_Algorithm_sfun_registry.obj
 0001:0000c750       _ssGetDWorkSymbolicDimsId  000000018000d750 f   Turtle_RRT_Algorithm_sfun_registry.obj
 0001:0000c7c0       _ssSetDWorkSymbolicDimsId  000000018000d7c0 f   Turtle_RRT_Algorithm_sfun_registry.obj
 0001:0000c830       _ssGetCompDWorkSymbolicDimsId 000000018000d830 f   Turtle_RRT_Algorithm_sfun_registry.obj
 0001:0000c8a0       _ssSetCompDWorkSymbolicDimsId 000000018000d8a0 f   Turtle_RRT_Algorithm_sfun_registry.obj
 0001:0000c910       _ssCreateSLCGStringBuffer  000000018000d910 f   Turtle_RRT_Algorithm_sfun_registry.obj
 0001:0000c980       _ssAddToSLCGStringBuffer   000000018000d980 f   Turtle_RRT_Algorithm_sfun_registry.obj
 0001:0000c9f0       _ssGetPointerContainedData 000000018000d9f0 f   Turtle_RRT_Algorithm_sfun_registry.obj
 0001:0000ca80       _ssGetPointerContainedDataWidth 000000018000da80 f   Turtle_RRT_Algorithm_sfun_registry.obj
 0001:0000cb10       _ssRegisterDynamicArrayDataTypeFcn 000000018000db10 f   Turtle_RRT_Algorithm_sfun_registry.obj
 0001:0000cbb0       _ssGetDynamicArrayContainedDataCurrentWidthFcn 000000018000dbb0 f   Turtle_RRT_Algorithm_sfun_registry.obj
 0001:0000cc80       _ssGetDynamicArrayContainedDataFcn 000000018000dc80 f   Turtle_RRT_Algorithm_sfun_registry.obj
 0001:0000cd50       _ssGetInputPortDynamicArrayDataFcn 000000018000dd50 f   Turtle_RRT_Algorithm_sfun_registry.obj
 0001:0000ce10       _ssGetOutputPortDynamicArrayDataFcn 000000018000de10 f   Turtle_RRT_Algorithm_sfun_registry.obj
 0001:0000ced0       _ssGetInputPortDynamicArrayContainedDataFcn 000000018000ded0 f   Turtle_RRT_Algorithm_sfun_registry.obj
 0001:0000cf90       _ssGetOutputPortDynamicArrayContainedDataFcn 000000018000df90 f   Turtle_RRT_Algorithm_sfun_registry.obj
 0001:0000d050       _ssGetDynamicArrayDWorkContainedDataFcn 000000018000e050 f   Turtle_RRT_Algorithm_sfun_registry.obj
 0001:0000d110       ?sf_process_check_sum_call@@YAIHQEAPEAUmxArray_tag@@HQEAPEBU1@@Z 000000018000e110 f   Turtle_RRT_Algorithm_sfun_registry.obj
 0001:0000d160       ?sf_process_get_third_party_uses_info_call@@YAIHQEAPEAUmxArray_tag@@HQEAPEBU1@@Z 000000018000e160 f   Turtle_RRT_Algorithm_sfun_registry.obj
 0001:0000d390       ?sf_process_get_jit_fallback_info_call@@YAIHQEAPEAUmxArray_tag@@HQEAPEBU1@@Z 000000018000e390 f   Turtle_RRT_Algorithm_sfun_registry.obj
 0001:0000d5c0       ?sf_process_get_post_codegen_info_call@@YAIHQEAPEAUmxArray_tag@@HQEAPEBU1@@Z 000000018000e5c0 f   Turtle_RRT_Algorithm_sfun_registry.obj
 0001:0000d7f0       ?sf_process_get_updateBuildInfo_args_info_call@@YAIHQEAPEAUmxArray_tag@@HQEAPEBU1@@Z 000000018000e7f0 f   Turtle_RRT_Algorithm_sfun_registry.obj
 0001:0000da20       ?sf_process_get_eml_resolved_functions_info_call@@YAIHQEAPEAUmxArray_tag@@HQEAPEBU1@@Z 000000018000ea20 f   Turtle_RRT_Algorithm_sfun_registry.obj
 0001:0000dc50       ?sf_mex_unlock_call@@YAIHQEAPEAUmxArray_tag@@HQEAPEBU1@@Z 000000018000ec50 f   Turtle_RRT_Algorithm_sfun_registry.obj
 0001:0000de70       ?sf_machine_global_initializer_called@@YAIXZ 000000018000ee70 f   Turtle_RRT_Algorithm_sfun_registry.obj
 0001:0000dea0       sf_machine_global_method_dispatcher 000000018000eea0 f   Turtle_RRT_Algorithm_sfun_registry.obj
 0001:0000df00       sf_machine_global_terminator 000000018000ef00 f   Turtle_RRT_Algorithm_sfun_registry.obj
 0001:0000df30       ?sf_register_machine_exported_symbols@@YAXPEAUSimStruct_tag@@@Z 000000018000ef30 f   Turtle_RRT_Algorithm_sfun_registry.obj
 0001:0000df50       callCustomFcn              000000018000ef50 f   Turtle_RRT_Algorithm_sfun_registry.obj
 0001:0000df60       sf_machine_global_initializer 000000018000ef60 f   Turtle_RRT_Algorithm_sfun_registry.obj
 0001:0000dfd0       ?mdlGetSimState@@YAPEAUmxArray_tag@@PEAUSimStruct_tag@@@Z 000000018000efd0 f   Turtle_RRT_Algorithm_sfun_registry.obj
 0001:0000e010       ?mdlSetSimState@@YAXPEAUSimStruct_tag@@PEBUmxArray_tag@@@Z 000000018000f010 f   Turtle_RRT_Algorithm_sfun_registry.obj
 0001:0000e980       ?ProcessMexSfunctionEveryCall@@YAIHQEAPEAUmxArray_tag@@HQEAPEBU1@@Z 000000018000f980 f   Turtle_RRT_Algorithm_sfun_registry.obj
 0001:0000fb40       __local_stdio_printf_options 0000000180010b40 f i Turtle_RRT_Algorithm_sfun_registry.obj
 0001:0000fb50       _vsnprintf_l               0000000180010b50 f i Turtle_RRT_Algorithm_sfun_registry.obj
 0001:0000fbd0       _vsprintf_l                0000000180010bd0 f i Turtle_RRT_Algorithm_sfun_registry.obj
 0001:0000fc20       sprintf                    0000000180010c20 f i Turtle_RRT_Algorithm_sfun_registry.obj
 0001:0000fc70       mexfilerequiredapiversion  0000000180010c70 f   c_mexapi_version.obj
 0001:0000fca0       ?getBitfieldFromFloat@@YAIM@Z 0000000180010ca0 f   half_type.obj
 0001:0000fcd0       ?getFloatFromBitfield@@YAMI@Z 0000000180010cd0 f   half_type.obj
 0001:0000fd00       ??0real16_T@@QEAA@M@Z      0000000180010d00 f   half_type.obj
 0001:0000ff50       ??0real16_T@@QEAA@N@Z      0000000180010f50 f   half_type.obj
 0001:00010240       ??Breal16_T@@QEBAMXZ       0000000180011240 f   half_type.obj
 0001:00010300       ??Breal16_T@@QEBANXZ       0000000180011300 f   half_type.obj
 0001:00010330       ??Hreal16_T@@QEBA?AV0@V0@@Z 0000000180011330 f   half_type.obj
 0001:00010390       ??Greal16_T@@QEBA?AV0@V0@@Z 0000000180011390 f   half_type.obj
 0001:000103f0       ??Dreal16_T@@QEBA?AV0@V0@@Z 00000001800113f0 f   half_type.obj
 0001:00010450       ??Kreal16_T@@QEBA?AV0@V0@@Z 0000000180011450 f   half_type.obj
 0001:000104b0       ??Hreal16_T@@QEBA?AV0@XZ   00000001800114b0 f   half_type.obj
 0001:000104e0       ??Greal16_T@@QEBA?AV0@XZ   00000001800114e0 f   half_type.obj
 0001:00010520       ??Ereal16_T@@QEAAAEAV0@XZ  0000000180011520 f   half_type.obj
 0001:00010570       ??Ereal16_T@@QEAA?AV0@H@Z  0000000180011570 f   half_type.obj
 0001:000105e0       ??Freal16_T@@QEAAAEAV0@XZ  00000001800115e0 f   half_type.obj
 0001:00010630       ??Freal16_T@@QEAA?AV0@H@Z  0000000180011630 f   half_type.obj
 0001:000106a0       ??8real16_T@@QEBAEV0@@Z    00000001800116a0 f   half_type.obj
 0001:00010700       ??9real16_T@@QEBAEV0@@Z    0000000180011700 f   half_type.obj
 0001:00010760       ??Preal16_T@@QEBAEV0@@Z    0000000180011760 f   half_type.obj
 0001:000107b0       ??Oreal16_T@@QEBAEV0@@Z    00000001800117b0 f   half_type.obj
 0001:00010800       ??Nreal16_T@@QEBAEV0@@Z    0000000180011800 f   half_type.obj
 0001:00010850       ??Mreal16_T@@QEBAEV0@@Z    0000000180011850 f   half_type.obj
 0001:000108a0       ??4real16_T@@QEAAAEAV0@AEBV0@@Z 00000001800118a0 f   half_type.obj
 0001:000108d0       ??4real16_T@@QECAXAEDV0@@Z 00000001800118d0 f   half_type.obj
 0001:00010900       ??4real16_T@@QECAXAEBV0@@Z 0000000180011900 f   half_type.obj
 0001:00010930       ??Yreal16_T@@QEAAAEAV0@V0@@Z 0000000180011930 f   half_type.obj
 0001:00010990       ??Zreal16_T@@QEAAAEAV0@V0@@Z 0000000180011990 f   half_type.obj
 0001:000109f0       ??Xreal16_T@@QEAAAEAV0@V0@@Z 00000001800119f0 f   half_type.obj
 0001:00010a50       ??_0real16_T@@QEAAAEAV0@V0@@Z 0000000180011a50 f   half_type.obj
 0001:00010ab0       ?getBitfieldFromHalf@@YAGVreal16_T@@@Z 0000000180011ab0 f   half_type.obj
 0001:00010ad0       ?getHalfFromBitfield@@YA?AVreal16_T@@G@Z 0000000180011ad0 f   half_type.obj
 0001:00010b10       ?halfToFloat@@YAMVreal16_T@@@Z 0000000180011b10 f   half_type.obj
 0001:00010b30       ?halfToDouble@@YANVreal16_T@@@Z 0000000180011b30 f   half_type.obj
 0001:00010b50       ?floatToHalf@@YA?AVreal16_T@@M@Z 0000000180011b50 f   half_type.obj
 0001:00010b80       ?doubleToHalf@@YA?AVreal16_T@@N@Z 0000000180011b80 f   half_type.obj
 0001:00010bb0       ?getBitPattern@real16_T@@QEBAGXZ 0000000180011bb0 f i half_type.obj
 0001:00010bc0       ?setBitPattern@real16_T@@QEAAXG@Z 0000000180011bc0 f i half_type.obj
 0001:00010bd8       sf_load_rtw_optimization_info 0000000180011bd8 f   sf_runtime:sf_runtime.dll
 0001:00010bde       sf_mex_decode              0000000180011bde f   sf_runtime:sf_runtime.dll
 0001:00010be4       sf_init_ChartRunTimeInfo   0000000180011be4 f   sf_runtime:sf_runtime.dll
 0001:00010bea       sf_free_ChartRunTimeInfo   0000000180011bea f   sf_runtime:sf_runtime.dll
 0001:00010bf0       sf_reset_warnings_ChartRunTimeInfo 0000000180011bf0 f   sf_runtime:sf_runtime.dll
 0001:00010bf6       sfrtGetEmlrtCtx            0000000180011bf6 f   sf_runtime:sf_runtime.dll
 0001:00010bfc       sfrtGetCovrtInstance       0000000180011bfc f   sf_runtime:sf_runtime.dll
 0001:00010c02       sf_get_chart_instance_ptr  0000000180011c02 f   sf_runtime:sf_runtime.dll
 0001:00010c08       sim_mode_is_rtw_gen        0000000180011c08 f   sf_runtime:sf_runtime.dll
 0001:00010c0e       sim_mode_is_external       0000000180011c0e f   sf_runtime:sf_runtime.dll
 0001:00010c14       sf_clear_rtw_identifier    0000000180011c14 f   sf_runtime:sf_runtime.dll
 0001:00010c1a       sf_get_time                0000000180011c1a f   sf_runtime:sf_runtime.dll
 0001:00010c20       sfDoAnimationWrapper       0000000180011c20 f   sf_runtime:sf_runtime.dll
 0001:00010c26       setDataBrowseFcn           0000000180011c26 f   sf_runtime:sf_runtime.dll
 0001:00010c2c       setDebuggerFlag            0000000180011c2c f   sf_runtime:sf_runtime.dll
 0001:00010c32       sf_warn_if_symbolic_dimension_param_changed 0000000180011c32 f   sf_runtime:sf_runtime.dll
 0001:00010c38       sf_set_work_widths         0000000180011c38 f   sf_runtime:sf_runtime.dll
 0001:00010c3e       sfListenerCacheSimStruct   0000000180011c3e f   sf_runtime:sf_runtime.dll
 0001:00010c44       sfListenerLightTerminate   0000000180011c44 f   sf_runtime:sf_runtime.dll
 0001:00010c4a       sfListenerInitializeRuntimeVars 0000000180011c4a f   sf_runtime:sf_runtime.dll
 0001:00010c50       sf_mex_call                0000000180011c50 f   sf_runtime:sf_runtime.dll
 0001:00010c56       sf_mex_error_message       0000000180011c56 f   sf_runtime:sf_runtime.dll
 0001:00010c5c       sf_mex_create              0000000180011c5c f   sf_runtime:sf_runtime.dll
 0001:00010c62       sf_mex_createcellmatrix    0000000180011c62 f   sf_runtime:sf_runtime.dll
 0001:00010c68       sf_mex_setcell             0000000180011c68 f   sf_runtime:sf_runtime.dll
 0001:00010c6e       sf_mex_getcell             0000000180011c6e f   sf_runtime:sf_runtime.dll
 0001:00010c74       sf_mex_assign              0000000180011c74 f   sf_runtime:sf_runtime.dll
 0001:00010c7a       sf_mex_dup                 0000000180011c7a f   sf_runtime:sf_runtime.dll
 0001:00010c80       sf_mex_destroy             0000000180011c80 f   sf_runtime:sf_runtime.dll
 0001:00010c86       sf_mex_import              0000000180011c86 f   sf_runtime:sf_runtime.dll
 0001:00010c8c       ssGetInputPortSignal_wrapper 0000000180011c8c f   sf_runtime:sf_runtime.dll
 0001:00010c92       ssGetOutputPortSignal_wrapper 0000000180011c92 f   sf_runtime:sf_runtime.dll
 0001:00010c98       sf_get_ChartInfoStruct_CodeGen 0000000180011c98 f   sf_runtime:sf_runtime.dll
 0001:00010c9e       sf_get_hasSeparateUpdateOutputs 0000000180011c9e f   sf_runtime:sf_runtime.dll
 0001:00010ca4       callMdlMethodAndReportError 0000000180011ca4 f   sf_runtime:sf_runtime.dll
 0001:00010caa       call_sf_machine_global_method_dispatcher 0000000180011caa f   sf_runtime:sf_runtime.dll
 0001:00010cb0       getRuntimeInstanceInfoAsVoid 0000000180011cb0 f   sf_runtime:sf_runtime.dll
 0001:00010cb6       sf_mex_error_direct_call   0000000180011cb6 f   sf_runtime:sf_runtime.dll
 0001:00010cbc       sf_clear_error_manager_info 0000000180011cbc f   sf_runtime:sf_runtime.dll
 0001:00010cc2       mxIsChar_800               0000000180011cc2 f   libmx:libmx.dll
 0001:00010cc8       mxGetScalar_800            0000000180011cc8 f   libmx:libmx.dll
 0001:00010cce       mxGetPr_800                0000000180011cce f   libmx:libmx.dll
 0001:00010cd4       mxDestroyArray_800         0000000180011cd4 f   libmx:libmx.dll
 0001:00010cda       mxCreateDoubleMatrix_800   0000000180011cda f   libmx:libmx.dll
 0001:00010ce0       mxGetString_800            0000000180011ce0 f   libmx:libmx.dll
 0001:00010ce6       mxDuplicateArray_800       0000000180011ce6 f   libmx:libmx.dll
 0001:00010cec       mxSetField_800             0000000180011cec f   libmx:libmx.dll
 0001:00010cf2       mxCreateString_800         0000000180011cf2 f   libmx:libmx.dll
 0001:00010cf8       mxCreateCellMatrix_800     0000000180011cf8 f   libmx:libmx.dll
 0001:00010cfe       mxCreateStructMatrix_800   0000000180011cfe f   libmx:libmx.dll
 0001:00010d04       mxCalloc_800               0000000180011d04 f   libmx:libmx.dll
 0001:00010d0a       mxGetM_800                 0000000180011d0a f   libmx:libmx.dll
 0001:00010d10       mxGetClassID_800           0000000180011d10 f   libmx:libmx.dll
 0001:00010d16       mxIsNumeric_800            0000000180011d16 f   libmx:libmx.dll
 0001:00010d1c       mxIsComplex_800            0000000180011d1c f   libmx:libmx.dll
 0001:00010d22       mxGetN_800                 0000000180011d22 f   libmx:libmx.dll
 0001:00010d28       mxCreateDoubleScalar_800   0000000180011d28 f   libmx:libmx.dll
 0001:00010d2e       mexMakeArrayPersistent_800 0000000180011d2e f   libmex:libmex.dll
 0001:00010d34       mexErrMsgTxt_800           0000000180011d34 f   libmex:libmex.dll
 0001:00010d3a       mexWarnMsgTxt_800          0000000180011d3a f   libmex:libmex.dll
 0001:00010d40       mexCallMATLAB_800          0000000180011d40 f   libmex:libmex.dll
 0001:00010d46       mexLock_800                0000000180011d46 f   libmex:libmex.dll
 0001:00010d4c       mexUnlock_800              0000000180011d4c f   libmex:libmex.dll
 0001:00010d52       mexIsLocked_800            0000000180011d52 f   libmex:libmex.dll
 0001:00010d58       utMalloc                   0000000180011d58 f   libut:libut.dll
 0001:00010d5e       utFree                     0000000180011d5e f   libut:libut.dll
 0001:00010d64       muDoubleScalarAtan2        0000000180011d64 f   libmwmathutil:libmwmathutil.dll
 0001:00010d6a       muDoubleScalarSign         0000000180011d6a f   libmwmathutil:libmwmathutil.dll
 0001:00010d70       muDoubleScalarSqrt         0000000180011d70 f   libmwmathutil:libmwmathutil.dll
 0001:00010d76       emlrtDimSizeImpxCheckR2021b 0000000180011d76 f   libemlrt:libemlrt.dll
 0001:00010d7c       emlrtSubAssignSizeCheckR2012b 0000000180011d7c f   libemlrt:libemlrt.dll
 0001:00010d82       covrtCreateStateflowInstanceData 0000000180011d82 f   libcovrt:libcovrt.dll
 0001:00010d88       covrtDeleteStateflowInstanceData 0000000180011d88 f   libcovrt:libcovrt.dll
 0001:00010d8e       covrtTransInitFcn          0000000180011d8e f   libcovrt:libcovrt.dll
 0001:00010d94       covrtStateInitFcn          0000000180011d94 f   libcovrt:libcovrt.dll
 0001:00010d9a       covrtChartInitFcn          0000000180011d9a f   libcovrt:libcovrt.dll
 0001:00010da0       covrtSigUpdateFcn          0000000180011da0 f   libcovrt:libcovrt.dll
 0001:00010da6       covrtEmlInitFcn            0000000180011da6 f   libcovrt:libcovrt.dll
 0001:00010dac       covrtEmlFcnInitFcn         0000000180011dac f   libcovrt:libcovrt.dll
 0001:00010db2       covrtEmlFcnEval            0000000180011db2 f   libcovrt:libcovrt.dll
 0001:00010db8       __raise_securityfailure    0000000180011db8 f   MSVCRT:gs_report.obj
 0001:00010dec       __report_gsfailure         0000000180011dec f   MSVCRT:gs_report.obj
 0001:00010ec0       __report_rangecheckfailure 0000000180011ec0 f   MSVCRT:gs_report.obj
 0001:00010ed4       __report_securityfailure   0000000180011ed4 f   MSVCRT:gs_report.obj
 0001:00010f70       __report_securityfailureEx 0000000180011f70 f   MSVCRT:gs_report.obj
 0001:00011164       __GSHandlerCheck           0000000180012164 f   MSVCRT:gshandler.obj
 0001:00011184       __GSHandlerCheckCommon     0000000180012184 f   MSVCRT:gshandler.obj
 0001:000111f0       __security_check_cookie    00000001800121f0 f   MSVCRT:amdsecgs.obj
 0001:0001154c       _CRT_INIT                  000000018001254c f   MSVCRT:dll_dllmain.obj
 0001:00011554       _DllMainCRTStartup         0000000180012554 f   MSVCRT:dll_dllmain.obj
 0001:00011600       __security_init_cookie     0000000180012600 f   MSVCRT:gs_support.obj
 0001:000116ac       DllMain                    00000001800126ac f   MSVCRT:dll_dllmain_stub.obj
 0001:000116d0       ?__scrt_initialize_type_info@@YAXXZ 00000001800126d0 f   MSVCRT:tncleanup.obj
 0001:000116e0       ?__scrt_uninitialize_type_info@@YAXXZ 00000001800126e0 f   MSVCRT:tncleanup.obj
 0001:000116ec       __local_stdio_scanf_options 00000001800126ec f i MSVCRT:default_local_stdio_options.obj
 0001:000116f4       __scrt_initialize_default_local_stdio_options 00000001800126f4 f   MSVCRT:default_local_stdio_options.obj
 0001:00011710       ?configure_argv@__scrt_narrow_argv_policy@@SAHXZ 0000000180012710 f i MSVCRT:utility.obj
 0001:00011770       ?initialize_environment@__scrt_narrow_environment_policy@@SAHXZ 0000000180012770 f i MSVCRT:utility.obj
 0001:000117a8       NtCurrentTeb               00000001800127a8 f i MSVCRT:utility.obj
 0001:000117b4       __scrt_acquire_startup_lock 00000001800127b4 f   MSVCRT:utility.obj
 0001:000117f0       __scrt_dllmain_after_initialize_c 00000001800127f0 f   MSVCRT:utility.obj
 0001:00011824       __scrt_dllmain_before_initialize_c 0000000180012824 f   MSVCRT:utility.obj
 0001:0001183c       __scrt_dllmain_crt_thread_attach 000000018001283c f   MSVCRT:utility.obj
 0001:00011864       __scrt_dllmain_crt_thread_detach 0000000180012864 f   MSVCRT:utility.obj
 0001:0001187c       __scrt_dllmain_exception_filter 000000018001287c f   MSVCRT:utility.obj
 0001:000118dc       __scrt_dllmain_uninitialize_c 00000001800128dc f   MSVCRT:utility.obj
 0001:0001190c       __scrt_dllmain_uninitialize_critical 000000018001290c f   MSVCRT:utility.obj
 0001:00011920       __scrt_initialize_crt      0000000180012920 f   MSVCRT:utility.obj
 0001:0001196c       __scrt_initialize_onexit_tables 000000018001296c f   MSVCRT:utility.obj
 0001:000119f8       __scrt_is_nonwritable_in_current_image 00000001800129f8 f   MSVCRT:utility.obj
 0001:00011a90       __scrt_release_startup_lock 0000000180012a90 f   MSVCRT:utility.obj
 0001:00011ab4       __scrt_uninitialize_crt    0000000180012ab4 f   MSVCRT:utility.obj
 0001:00011ae0       _onexit                    0000000180012ae0 f   MSVCRT:utility.obj
 0001:00011b1c       at_quick_exit              0000000180012b1c f   MSVCRT:utility.obj
 0001:00011b3c       atexit                     0000000180012b3c f   MSVCRT:utility.obj
 0001:00011b54       __scrt_get_dyn_tls_init_callback 0000000180012b54 f   MSVCRT:dyn_tls_init.obj
 0001:00011b5c       __crt_debugger_hook        0000000180012b5c f   MSVCRT:utility_desktop.obj
 0001:00011b64       __scrt_fastfail            0000000180012b64 f   MSVCRT:utility_desktop.obj
 0001:00011cb0       __scrt_get_show_window_mode 0000000180012cb0 f   MSVCRT:utility_desktop.obj
 0001:00011cec       __scrt_initialize_mta      0000000180012cec f   MSVCRT:utility_desktop.obj
 0001:00011cf4       __scrt_initialize_winrt    0000000180012cf4 f   MSVCRT:utility_desktop.obj
 0001:00011cf8       __scrt_is_managed_app      0000000180012cf8 f   MSVCRT:utility_desktop.obj
 0001:00011d4c       __scrt_set_unhandled_exception_filter 0000000180012d4c f   MSVCRT:utility_desktop.obj
 0001:00011d5c       __scrt_exe_initialize_mta  0000000180012d5c f   MSVCRT:utility_desktop.obj
 0001:00011d5c       __scrt_stub_for_initialize_mta 0000000180012d5c f   MSVCRT:utility_desktop.obj
 0001:00011d60       __scrt_unhandled_exception_filter 0000000180012d60 f   MSVCRT:utility_desktop.obj
 0001:00011dbc       _RTC_Initialize            0000000180012dbc f   MSVCRT:initsect.obj
 0001:00011df8       _RTC_Terminate             0000000180012df8 f   MSVCRT:initsect.obj
 0001:00011e34       _guard_check_icall_nop     0000000180012e34 f i MSVCRT:guard_support.obj
 0001:00011e38       ReadNoFence64              0000000180012e38 f i MSVCRT:guard_support.obj
 0001:00011e3c       ReadPointerNoFence         0000000180012e3c f i MSVCRT:guard_support.obj
 0001:00011e40       __castguard_check_failure_debugbreak 0000000180012e40 f i MSVCRT:guard_support.obj
 0001:00011e5c       __castguard_check_failure_fastfail 0000000180012e5c f i MSVCRT:guard_support.obj
 0001:00011e80       __castguard_check_failure_nop 0000000180012e80 f i MSVCRT:guard_support.obj
 0001:00011e84       __castguard_check_failure_os_handled 0000000180012e84 f i MSVCRT:guard_support.obj
 0001:00011ee0       __castguard_check_failure_user_handled 0000000180012ee0 f i MSVCRT:guard_support.obj
 0001:00011f54       __castguard_set_user_handler 0000000180012f54 f i MSVCRT:guard_support.obj
 0001:00011f60       __castguard_slow_path_check_debugbreak 0000000180012f60 f i MSVCRT:guard_support.obj
 0001:00011f94       __castguard_slow_path_check_fastfail 0000000180012f94 f i MSVCRT:guard_support.obj
 0001:00011fd0       __castguard_slow_path_check_nop 0000000180012fd0 f i MSVCRT:guard_support.obj
 0001:00011fd4       __castguard_slow_path_check_os_handled 0000000180012fd4 f i MSVCRT:guard_support.obj
 0001:00012028       __castguard_slow_path_check_user_handled 0000000180013028 f i MSVCRT:guard_support.obj
 0001:00012094       _guard_icall_checks_enforced 0000000180013094 f i MSVCRT:guard_support.obj
 0001:000120ac       _guard_rf_checks_enforced  00000001800130ac f i MSVCRT:guard_support.obj
 0001:000120b0       __isa_available_init       00000001800130b0 f   MSVCRT:cpu_disp.obj
 0001:0001225c       _get_startup_argv_mode     000000018001325c f   MSVCRT:argv_mode.obj
 0001:00012264       __scrt_is_ucrt_dll_in_use  0000000180013264 f   MSVCRT:ucrt_detection.obj
 0001:00012270       RtlCaptureContext          0000000180013270 f   kernel32:KERNEL32.dll
 0001:00012276       RtlLookupFunctionEntry     0000000180013276 f   kernel32:KERNEL32.dll
 0001:0001227c       RtlVirtualUnwind           000000018001327c f   kernel32:KERNEL32.dll
 0001:00012282       UnhandledExceptionFilter   0000000180013282 f   kernel32:KERNEL32.dll
 0001:00012288       SetUnhandledExceptionFilter 0000000180013288 f   kernel32:KERNEL32.dll
 0001:0001228e       GetCurrentProcess          000000018001328e f   kernel32:KERNEL32.dll
 0001:00012294       TerminateProcess           0000000180013294 f   kernel32:KERNEL32.dll
 0001:0001229a       IsProcessorFeaturePresent  000000018001329a f   kernel32:KERNEL32.dll
 0001:000122a0       QueryPerformanceCounter    00000001800132a0 f   kernel32:KERNEL32.dll
 0001:000122a6       GetCurrentProcessId        00000001800132a6 f   kernel32:KERNEL32.dll
 0001:000122ac       GetCurrentThreadId         00000001800132ac f   kernel32:KERNEL32.dll
 0001:000122b2       GetSystemTimeAsFileTime    00000001800132b2 f   kernel32:KERNEL32.dll
 0001:000122b8       DisableThreadLibraryCalls  00000001800132b8 f   kernel32:KERNEL32.dll
 0001:000122be       InitializeSListHead        00000001800132be f   kernel32:KERNEL32.dll
 0001:000122c4       IsDebuggerPresent          00000001800132c4 f   kernel32:KERNEL32.dll
 0001:000122ca       GetStartupInfoW            00000001800132ca f   kernel32:KERNEL32.dll
 0001:000122d0       GetModuleHandleW           00000001800132d0 f   kernel32:KERNEL32.dll
 0001:000122d6       memset                     00000001800132d6 f   vcruntime:VCRUNTIME140.dll
 0001:000122dc       memcpy                     00000001800132dc f   vcruntime:VCRUNTIME140.dll
 0001:000122e2       __C_specific_handler       00000001800132e2 f   vcruntime:VCRUNTIME140.dll
 0001:000122e8       __std_type_info_destroy_list 00000001800132e8 f   vcruntime:VCRUNTIME140.dll
 0001:000122ee       __current_exception        00000001800132ee f   vcruntime:VCRUNTIME140.dll
 0001:000122f4       __current_exception_context 00000001800132f4 f   vcruntime:VCRUNTIME140.dll
 0001:000122fa       strcmp                     00000001800132fa f   ucrt:api-ms-win-crt-string-l1-1-0.dll
 0001:00012300       strcat                     0000000180013300 f   ucrt:api-ms-win-crt-string-l1-1-0.dll
 0001:00012306       __stdio_common_vsprintf    0000000180013306 f   ucrt:api-ms-win-crt-stdio-l1-1-0.dll
 0001:0001230c       free                       000000018001330c f   ucrt:api-ms-win-crt-heap-l1-1-0.dll
 0001:00012312       malloc                     0000000180013312 f   ucrt:api-ms-win-crt-heap-l1-1-0.dll
 0001:00012318       strlen                     0000000180013318 f   ucrt:api-ms-win-crt-string-l1-1-0.dll
 0001:0001231e       _initterm                  000000018001331e f   ucrt:api-ms-win-crt-runtime-l1-1-0.dll
 0001:00012324       _initterm_e                0000000180013324 f   ucrt:api-ms-win-crt-runtime-l1-1-0.dll
 0001:0001232a       _seh_filter_dll            000000018001332a f   ucrt:api-ms-win-crt-runtime-l1-1-0.dll
 0001:00012330       _configure_narrow_argv     0000000180013330 f   ucrt:api-ms-win-crt-runtime-l1-1-0.dll
 0001:00012336       _initialize_narrow_environment 0000000180013336 f   ucrt:api-ms-win-crt-runtime-l1-1-0.dll
 0001:0001233c       _initialize_onexit_table   000000018001333c f   ucrt:api-ms-win-crt-runtime-l1-1-0.dll
 0001:00012342       _register_onexit_function  0000000180013342 f   ucrt:api-ms-win-crt-runtime-l1-1-0.dll
 0001:00012348       _execute_onexit_table      0000000180013348 f   ucrt:api-ms-win-crt-runtime-l1-1-0.dll
 0001:0001234e       _crt_atexit                000000018001334e f   ucrt:api-ms-win-crt-runtime-l1-1-0.dll
 0001:00012354       _crt_at_quick_exit         0000000180013354 f   ucrt:api-ms-win-crt-runtime-l1-1-0.dll
 0001:0001235a       _cexit                     000000018001335a f   ucrt:api-ms-win-crt-runtime-l1-1-0.dll
 0001:00012360       terminate                  0000000180013360 f   ucrt:api-ms-win-crt-runtime-l1-1-0.dll
 0001:00012368       __acrt_initialize          0000000180013368 f   MSVCRT:ucrt_stubs.obj
 0001:00012368       __scrt_stub_for_acrt_initialize 0000000180013368 f   MSVCRT:ucrt_stubs.obj
 0001:00012368       __vcrt_initialize          0000000180013368 f   MSVCRT:ucrt_stubs.obj
 0001:0001236c       __acrt_thread_attach       000000018001336c f   MSVCRT:ucrt_stubs.obj
 0001:0001236c       __scrt_stub_for_acrt_thread_attach 000000018001336c f   MSVCRT:ucrt_stubs.obj
 0001:0001236c       __vcrt_thread_attach       000000018001336c f   MSVCRT:ucrt_stubs.obj
 0001:00012370       __acrt_thread_detach       0000000180013370 f   MSVCRT:ucrt_stubs.obj
 0001:00012370       __scrt_stub_for_acrt_thread_detach 0000000180013370 f   MSVCRT:ucrt_stubs.obj
 0001:00012370       __vcrt_thread_detach       0000000180013370 f   MSVCRT:ucrt_stubs.obj
 0001:00012374       __acrt_uninitialize        0000000180013374 f   MSVCRT:ucrt_stubs.obj
 0001:00012374       __scrt_stub_for_acrt_uninitialize 0000000180013374 f   MSVCRT:ucrt_stubs.obj
 0001:00012374       __vcrt_uninitialize        0000000180013374 f   MSVCRT:ucrt_stubs.obj
 0001:00012378       __acrt_uninitialize_critical 0000000180013378 f   MSVCRT:ucrt_stubs.obj
 0001:00012378       __scrt_stub_for_acrt_uninitialize_critical 0000000180013378 f   MSVCRT:ucrt_stubs.obj
 0001:00012378       __vcrt_uninitialize_critical 0000000180013378 f   MSVCRT:ucrt_stubs.obj
 0001:0001237c       __scrt_stub_for_is_c_termination_complete 000000018001337c f   MSVCRT:ucrt_stubs.obj
 0001:0001237c       _is_c_termination_complete 000000018001337c f   MSVCRT:ucrt_stubs.obj
 0001:00012390       _guard_dispatch_icall_nop  0000000180013390 f   MSVCRT:guard_dispatch.obj
 0001:000123b0       _guard_xfg_dispatch_icall_nop 00000001800133b0 f   MSVCRT:guard_xfg_dispatch.obj
 0002:00000000       __imp_GetCurrentProcess    0000000180014000     kernel32:KERNEL32.dll
 0002:00000008       __imp_QueryPerformanceCounter 0000000180014008     kernel32:KERNEL32.dll
 0002:00000010       __imp_SetUnhandledExceptionFilter 0000000180014010     kernel32:KERNEL32.dll
 0002:00000018       __imp_UnhandledExceptionFilter 0000000180014018     kernel32:KERNEL32.dll
 0002:00000020       __imp_GetCurrentProcessId  0000000180014020     kernel32:KERNEL32.dll
 0002:00000028       __imp_GetCurrentThreadId   0000000180014028     kernel32:KERNEL32.dll
 0002:00000030       __imp_GetSystemTimeAsFileTime 0000000180014030     kernel32:KERNEL32.dll
 0002:00000038       __imp_DisableThreadLibraryCalls 0000000180014038     kernel32:KERNEL32.dll
 0002:00000040       __imp_InitializeSListHead  0000000180014040     kernel32:KERNEL32.dll
 0002:00000048       __imp_IsDebuggerPresent    0000000180014048     kernel32:KERNEL32.dll
 0002:00000050       __imp_GetStartupInfoW      0000000180014050     kernel32:KERNEL32.dll
 0002:00000058       __imp_GetModuleHandleW     0000000180014058     kernel32:KERNEL32.dll
 0002:00000060       __imp_TerminateProcess     0000000180014060     kernel32:KERNEL32.dll
 0002:00000068       __imp_RtlCaptureContext    0000000180014068     kernel32:KERNEL32.dll
 0002:00000070       __imp_RtlLookupFunctionEntry 0000000180014070     kernel32:KERNEL32.dll
 0002:00000078       __imp_RtlVirtualUnwind     0000000180014078     kernel32:KERNEL32.dll
 0002:00000080       __imp_IsProcessorFeaturePresent 0000000180014080     kernel32:KERNEL32.dll
 0002:00000088       \177KERNEL32_NULL_THUNK_DATA 0000000180014088     kernel32:KERNEL32.dll
 0002:00000090       __imp_memset               0000000180014090     vcruntime:VCRUNTIME140.dll
 0002:00000098       __imp_memcpy               0000000180014098     vcruntime:VCRUNTIME140.dll
 0002:000000a0       __imp___C_specific_handler 00000001800140a0     vcruntime:VCRUNTIME140.dll
 0002:000000a8       __imp___std_type_info_destroy_list 00000001800140a8     vcruntime:VCRUNTIME140.dll
 0002:000000b0       __imp___current_exception  00000001800140b0     vcruntime:VCRUNTIME140.dll
 0002:000000b8       __imp___current_exception_context 00000001800140b8     vcruntime:VCRUNTIME140.dll
 0002:000000c0       \177VCRUNTIME140_NULL_THUNK_DATA 00000001800140c0     vcruntime:VCRUNTIME140.dll
 0002:000000c8       __imp_malloc               00000001800140c8     ucrt:api-ms-win-crt-heap-l1-1-0.dll
 0002:000000d0       __imp_free                 00000001800140d0     ucrt:api-ms-win-crt-heap-l1-1-0.dll
 0002:000000d8       \177api-ms-win-crt-heap-l1-1-0_NULL_THUNK_DATA 00000001800140d8     ucrt:api-ms-win-crt-heap-l1-1-0.dll
 0002:000000e0       __imp__initterm_e          00000001800140e0     ucrt:api-ms-win-crt-runtime-l1-1-0.dll
 0002:000000e8       __imp__seh_filter_dll      00000001800140e8     ucrt:api-ms-win-crt-runtime-l1-1-0.dll
 0002:000000f0       __imp__initialize_narrow_environment 00000001800140f0     ucrt:api-ms-win-crt-runtime-l1-1-0.dll
 0002:000000f8       __imp__configure_narrow_argv 00000001800140f8     ucrt:api-ms-win-crt-runtime-l1-1-0.dll
 0002:00000100       __imp__register_onexit_function 0000000180014100     ucrt:api-ms-win-crt-runtime-l1-1-0.dll
 0002:00000108       __imp__execute_onexit_table 0000000180014108     ucrt:api-ms-win-crt-runtime-l1-1-0.dll
 0002:00000110       __imp__crt_atexit          0000000180014110     ucrt:api-ms-win-crt-runtime-l1-1-0.dll
 0002:00000118       __imp__crt_at_quick_exit   0000000180014118     ucrt:api-ms-win-crt-runtime-l1-1-0.dll
 0002:00000120       __imp__cexit               0000000180014120     ucrt:api-ms-win-crt-runtime-l1-1-0.dll
 0002:00000128       __imp_terminate            0000000180014128     ucrt:api-ms-win-crt-runtime-l1-1-0.dll
 0002:00000130       __imp__initialize_onexit_table 0000000180014130     ucrt:api-ms-win-crt-runtime-l1-1-0.dll
 0002:00000138       __imp__initterm            0000000180014138     ucrt:api-ms-win-crt-runtime-l1-1-0.dll
 0002:00000140       \177api-ms-win-crt-runtime-l1-1-0_NULL_THUNK_DATA 0000000180014140     ucrt:api-ms-win-crt-runtime-l1-1-0.dll
 0002:00000148       __imp___stdio_common_vsprintf 0000000180014148     ucrt:api-ms-win-crt-stdio-l1-1-0.dll
 0002:00000150       \177api-ms-win-crt-stdio-l1-1-0_NULL_THUNK_DATA 0000000180014150     ucrt:api-ms-win-crt-stdio-l1-1-0.dll
 0002:00000158       __imp_strcat               0000000180014158     ucrt:api-ms-win-crt-string-l1-1-0.dll
 0002:00000160       __imp_strcmp               0000000180014160     ucrt:api-ms-win-crt-string-l1-1-0.dll
 0002:00000168       __imp_strlen               0000000180014168     ucrt:api-ms-win-crt-string-l1-1-0.dll
 0002:00000170       \177api-ms-win-crt-string-l1-1-0_NULL_THUNK_DATA 0000000180014170     ucrt:api-ms-win-crt-string-l1-1-0.dll
 0002:00000178       __imp_covrtEmlInitFcn      0000000180014178     libcovrt:libcovrt.dll
 0002:00000180       __imp_covrtSigUpdateFcn    0000000180014180     libcovrt:libcovrt.dll
 0002:00000188       __imp_covrtChartInitFcn    0000000180014188     libcovrt:libcovrt.dll
 0002:00000190       __imp_covrtStateInitFcn    0000000180014190     libcovrt:libcovrt.dll
 0002:00000198       __imp_covrtTransInitFcn    0000000180014198     libcovrt:libcovrt.dll
 0002:000001a0       __imp_covrtDeleteStateflowInstanceData 00000001800141a0     libcovrt:libcovrt.dll
 0002:000001a8       __imp_covrtCreateStateflowInstanceData 00000001800141a8     libcovrt:libcovrt.dll
 0002:000001b0       __imp_covrtEmlFcnInitFcn   00000001800141b0     libcovrt:libcovrt.dll
 0002:000001b8       __imp_covrtEmlFcnEval      00000001800141b8     libcovrt:libcovrt.dll
 0002:000001c0       \177libcovrt_NULL_THUNK_DATA 00000001800141c0     libcovrt:libcovrt.dll
 0002:000001c8       __imp_emlrtSubAssignSizeCheckR2012b 00000001800141c8     libemlrt:libemlrt.dll
 0002:000001d0       __imp_emlrtDimSizeImpxCheckR2021b 00000001800141d0     libemlrt:libemlrt.dll
 0002:000001d8       \177libemlrt_NULL_THUNK_DATA 00000001800141d8     libemlrt:libemlrt.dll
 0002:000001e0       __imp_mexMakeArrayPersistent_800 00000001800141e0     libmex:libmex.dll
 0002:000001e8       __imp_mexCallMATLAB_800    00000001800141e8     libmex:libmex.dll
 0002:000001f0       __imp_mexLock_800          00000001800141f0     libmex:libmex.dll
 0002:000001f8       __imp_mexUnlock_800        00000001800141f8     libmex:libmex.dll
 0002:00000200       __imp_mexIsLocked_800      0000000180014200     libmex:libmex.dll
 0002:00000208       __imp_mexWarnMsgTxt_800    0000000180014208     libmex:libmex.dll
 0002:00000210       __imp_mexErrMsgTxt_800     0000000180014210     libmex:libmex.dll
 0002:00000218       \177libmex_NULL_THUNK_DATA 0000000180014218     libmex:libmex.dll
 0002:00000220       __imp_muDoubleScalarSqrt   0000000180014220     libmwmathutil:libmwmathutil.dll
 0002:00000228       __imp_muDoubleScalarAtan2  0000000180014228     libmwmathutil:libmwmathutil.dll
 0002:00000230       __imp_muDoubleScalarSign   0000000180014230     libmwmathutil:libmwmathutil.dll
 0002:00000238       \177libmwmathutil_NULL_THUNK_DATA 0000000180014238     libmwmathutil:libmwmathutil.dll
 0002:00000240       __imp_mxCreateDoubleScalar_800 0000000180014240     libmx:libmx.dll
 0002:00000248       __imp_mxDuplicateArray_800 0000000180014248     libmx:libmx.dll
 0002:00000250       __imp_mxGetN_800           0000000180014250     libmx:libmx.dll
 0002:00000258       __imp_mxIsComplex_800      0000000180014258     libmx:libmx.dll
 0002:00000260       __imp_mxIsNumeric_800      0000000180014260     libmx:libmx.dll
 0002:00000268       __imp_mxGetClassID_800     0000000180014268     libmx:libmx.dll
 0002:00000270       __imp_mxGetM_800           0000000180014270     libmx:libmx.dll
 0002:00000278       __imp_mxCalloc_800         0000000180014278     libmx:libmx.dll
 0002:00000280       __imp_mxCreateStructMatrix_800 0000000180014280     libmx:libmx.dll
 0002:00000288       __imp_mxCreateCellMatrix_800 0000000180014288     libmx:libmx.dll
 0002:00000290       __imp_mxCreateString_800   0000000180014290     libmx:libmx.dll
 0002:00000298       __imp_mxSetField_800       0000000180014298     libmx:libmx.dll
 0002:000002a0       __imp_mxIsChar_800         00000001800142a0     libmx:libmx.dll
 0002:000002a8       __imp_mxGetString_800      00000001800142a8     libmx:libmx.dll
 0002:000002b0       __imp_mxCreateDoubleMatrix_800 00000001800142b0     libmx:libmx.dll
 0002:000002b8       __imp_mxDestroyArray_800   00000001800142b8     libmx:libmx.dll
 0002:000002c0       __imp_mxGetPr_800          00000001800142c0     libmx:libmx.dll
 0002:000002c8       __imp_mxGetScalar_800      00000001800142c8     libmx:libmx.dll
 0002:000002d0       \177libmx_NULL_THUNK_DATA  00000001800142d0     libmx:libmx.dll
 0002:000002d8       __imp_utMalloc             00000001800142d8     libut:libut.dll
 0002:000002e0       __imp_utFree               00000001800142e0     libut:libut.dll
 0002:000002e8       \177libut_NULL_THUNK_DATA  00000001800142e8     libut:libut.dll
 0002:000002f0       __imp_sf_mex_decode        00000001800142f0     sf_runtime:sf_runtime.dll
 0002:000002f8       __imp_sf_clear_error_manager_info 00000001800142f8     sf_runtime:sf_runtime.dll
 0002:00000300       __imp_sf_mex_error_direct_call 0000000180014300     sf_runtime:sf_runtime.dll
 0002:00000308       __imp_getRuntimeInstanceInfoAsVoid 0000000180014308     sf_runtime:sf_runtime.dll
 0002:00000310       __imp_call_sf_machine_global_method_dispatcher 0000000180014310     sf_runtime:sf_runtime.dll
 0002:00000318       __imp_callMdlMethodAndReportError 0000000180014318     sf_runtime:sf_runtime.dll
 0002:00000320       __imp_sf_get_hasSeparateUpdateOutputs 0000000180014320     sf_runtime:sf_runtime.dll
 0002:00000328       __imp_sf_get_ChartInfoStruct_CodeGen 0000000180014328     sf_runtime:sf_runtime.dll
 0002:00000330       __imp_ssGetOutputPortSignal_wrapper 0000000180014330     sf_runtime:sf_runtime.dll
 0002:00000338       __imp_ssGetInputPortSignal_wrapper 0000000180014338     sf_runtime:sf_runtime.dll
 0002:00000340       __imp_sf_mex_import        0000000180014340     sf_runtime:sf_runtime.dll
 0002:00000348       __imp_sf_mex_destroy       0000000180014348     sf_runtime:sf_runtime.dll
 0002:00000350       __imp_sf_mex_dup           0000000180014350     sf_runtime:sf_runtime.dll
 0002:00000358       __imp_sf_mex_assign        0000000180014358     sf_runtime:sf_runtime.dll
 0002:00000360       __imp_sf_mex_getcell       0000000180014360     sf_runtime:sf_runtime.dll
 0002:00000368       __imp_sf_mex_setcell       0000000180014368     sf_runtime:sf_runtime.dll
 0002:00000370       __imp_sf_mex_createcellmatrix 0000000180014370     sf_runtime:sf_runtime.dll
 0002:00000378       __imp_sf_mex_create        0000000180014378     sf_runtime:sf_runtime.dll
 0002:00000380       __imp_sf_mex_error_message 0000000180014380     sf_runtime:sf_runtime.dll
 0002:00000388       __imp_sf_mex_call          0000000180014388     sf_runtime:sf_runtime.dll
 0002:00000390       __imp_sfListenerInitializeRuntimeVars 0000000180014390     sf_runtime:sf_runtime.dll
 0002:00000398       __imp_sfListenerLightTerminate 0000000180014398     sf_runtime:sf_runtime.dll
 0002:000003a0       __imp_sfListenerCacheSimStruct 00000001800143a0     sf_runtime:sf_runtime.dll
 0002:000003a8       __imp_sf_set_work_widths   00000001800143a8     sf_runtime:sf_runtime.dll
 0002:000003b0       __imp_sf_warn_if_symbolic_dimension_param_changed 00000001800143b0     sf_runtime:sf_runtime.dll
 0002:000003b8       __imp_setDebuggerFlag      00000001800143b8     sf_runtime:sf_runtime.dll
 0002:000003c0       __imp_setDataBrowseFcn     00000001800143c0     sf_runtime:sf_runtime.dll
 0002:000003c8       __imp_sfDoAnimationWrapper 00000001800143c8     sf_runtime:sf_runtime.dll
 0002:000003d0       __imp_sf_get_time          00000001800143d0     sf_runtime:sf_runtime.dll
 0002:000003d8       __imp_sf_clear_rtw_identifier 00000001800143d8     sf_runtime:sf_runtime.dll
 0002:000003e0       __imp_sim_mode_is_external 00000001800143e0     sf_runtime:sf_runtime.dll
 0002:000003e8       __imp_sim_mode_is_rtw_gen  00000001800143e8     sf_runtime:sf_runtime.dll
 0002:000003f0       __imp_sf_get_chart_instance_ptr 00000001800143f0     sf_runtime:sf_runtime.dll
 0002:000003f8       __imp_sfrtGetCovrtInstance 00000001800143f8     sf_runtime:sf_runtime.dll
 0002:00000400       __imp_sfrtGetEmlrtCtx      0000000180014400     sf_runtime:sf_runtime.dll
 0002:00000408       __imp_sf_reset_warnings_ChartRunTimeInfo 0000000180014408     sf_runtime:sf_runtime.dll
 0002:00000410       __imp_sf_free_ChartRunTimeInfo 0000000180014410     sf_runtime:sf_runtime.dll
 0002:00000418       __imp_sf_init_ChartRunTimeInfo 0000000180014418     sf_runtime:sf_runtime.dll
 0002:00000420       __imp_sf_load_rtw_optimization_info 0000000180014420     sf_runtime:sf_runtime.dll
 0002:00000428       \177sf_runtime_NULL_THUNK_DATA 0000000180014428     sf_runtime:sf_runtime.dll
 0002:00000430       __guard_check_icall_fptr   0000000180014430     MSVCRT:guard_support.obj
 0002:00000438       __guard_xfg_check_icall_fptr 0000000180014438     MSVCRT:guard_support.obj
 0002:00000440       __guard_dispatch_icall_fptr 0000000180014440     MSVCRT:guard_support.obj
 0002:00000448       __guard_xfg_dispatch_icall_fptr 0000000180014448     MSVCRT:guard_support.obj
 0002:00000450       __guard_xfg_table_dispatch_icall_fptr 0000000180014450     MSVCRT:guard_support.obj
 0002:00000458       __castguard_check_failure_os_handled_fptr 0000000180014458     MSVCRT:guard_support.obj
 0002:00000460       __guard_memcpy_fptr        0000000180014460     vcruntime:softmemtag.obj
 0002:00000468       __xc_a                     0000000180014468     MSVCRT:initializers.obj
 0002:00000470       __xc_z                     0000000180014470     MSVCRT:initializers.obj
 0002:00000478       __xi_a                     0000000180014478     MSVCRT:initializers.obj
 0002:00000480       __xi_z                     0000000180014480     MSVCRT:initializers.obj
 0002:00000488       __xp_a                     0000000180014488     MSVCRT:initializers.obj
 0002:00000490       __xp_z                     0000000180014490     MSVCRT:initializers.obj
 0002:00000498       __xt_a                     0000000180014498     MSVCRT:initializers.obj
 0002:000004a0       __xt_z                     00000001800144a0     MSVCRT:initializers.obj
 0002:00000618       __real@41b2903622000000    0000000180014618     Turtle_RRT_Algorithm_sfun.obj
 0002:00000620       __real@41bbd581f4000000    0000000180014620     Turtle_RRT_Algorithm_sfun.obj
 0002:00000628       __real@41c50c83ec800000    0000000180014628     Turtle_RRT_Algorithm_sfun.obj
 0002:00000630       __real@41cd62070b800000    0000000180014630     Turtle_RRT_Algorithm_sfun.obj
 0002:00000638       __real@41d40219f6c00000    0000000180014638     Turtle_RRT_Algorithm_sfun.obj
 0002:00000640       __real@41e2d3b161400000    0000000180014640     Turtle_RRT_Algorithm_sfun.obj
 0002:00000648       __real@41e5683814400000    0000000180014648     Turtle_RRT_Algorithm_sfun.obj
 0002:00000650       __real@41e870e858400000    0000000180014650     Turtle_RRT_Algorithm_sfun.obj
 0002:00000658       __real@41ea322d3fa00000    0000000180014658     Turtle_RRT_Algorithm_sfun.obj
 0002:00000660       __real@41ec394d01000000    0000000180014660     Turtle_RRT_Algorithm_sfun.obj
 0002:00000668       __real@41ef64b810a00000    0000000180014668     Turtle_RRT_Algorithm_sfun.obj
 0002:00000670       __real@41efa2a732e00000    0000000180014670     Turtle_RRT_Algorithm_sfun.obj
 0002:00001808       __real@3fefffffffffffec    0000000180015808     c8_Turtle_RRT_Algorithm.obj
 0002:00001810       __real@3ff0000000000000    0000000180015810     c8_Turtle_RRT_Algorithm.obj
 0002:00001818       __real@4000000000000000    0000000180015818     c8_Turtle_RRT_Algorithm.obj
 0002:00001820       __real@404ca5dc1a63c1f8    0000000180015820     c8_Turtle_RRT_Algorithm.obj
 0002:00001828       __real@419a8e66b8000000    0000000180015828     c8_Turtle_RRT_Algorithm.obj
 0002:00001830       __real@41cf0feff2000000    0000000180015830     c8_Turtle_RRT_Algorithm.obj
 0002:00001838       __real@41d8361078c00000    0000000180015838     c8_Turtle_RRT_Algorithm.obj
 0002:00001840       __real@41dc61aa64400000    0000000180015840     c8_Turtle_RRT_Algorithm.obj
 0002:00001848       __real@bfefffffffffffec    0000000180015848     c8_Turtle_RRT_Algorithm.obj
 0002:00001850       __real@bff0000000000000    0000000180015850     c8_Turtle_RRT_Algorithm.obj
 0002:00001858       __real@c000000000000000    0000000180015858     c8_Turtle_RRT_Algorithm.obj
 0002:00001860       __xmm@80000000000000008000000000000000 0000000180015860     c8_Turtle_RRT_Algorithm.obj
 0002:00003e68       __real@0000000000000000    0000000180017e68     Turtle_RRT_Algorithm_sfun_registry.obj
 0002:00003e70       __real@4010000000000000    0000000180017e70     Turtle_RRT_Algorithm_sfun_registry.obj
 0002:00003e78       __real@41602cbca0000000    0000000180017e78     Turtle_RRT_Algorithm_sfun_registry.obj
 0002:00003e80       __real@3f800000            0000000180017e80     half_type.obj
 0002:00003e84       __real@77800000            0000000180017e84     half_type.obj
 0002:00003e98       _pDefaultRawDllMain        0000000180017e98     MSVCRT:dll_dllmain.obj
 0002:00003e98       _pRawDllMain               0000000180017e98     MSVCRT:dll_dllmain.obj
 0002:00003ea0       __xmm@ffffffffffffffffffffffffffffffff 0000000180017ea0     MSVCRT:utility.obj
 0002:00003eb0       _load_config_used          0000000180017eb0     MSVCRT:loadcfg.obj
 0002:00004080       __CastGuardVftablesStart   0000000180018080     MSVCRT:guard_support.obj
 0002:00004100       __CastGuardVftablesEnd     0000000180018100     MSVCRT:guard_support.obj
 0002:00004180       __volatile_metadata        0000000180018180     <linker-defined>
 0002:00004578       __rtc_iaa                  0000000180018578     MSVCRT:initsect.obj
 0002:00004580       __rtc_izz                  0000000180018580     MSVCRT:initsect.obj
 0002:00004588       __rtc_taa                  0000000180018588     MSVCRT:initsect.obj
 0002:00004590       __rtc_tzz                  0000000180018590     MSVCRT:initsect.obj
 0002:00005104       __IMPORT_DESCRIPTOR_sf_runtime 0000000180019104     sf_runtime:sf_runtime.dll
 0002:00005118       __IMPORT_DESCRIPTOR_libmx  0000000180019118     libmx:libmx.dll
 0002:0000512c       __IMPORT_DESCRIPTOR_libmex 000000018001912c     libmex:libmex.dll
 0002:00005140       __IMPORT_DESCRIPTOR_libut  0000000180019140     libut:libut.dll
 0002:00005154       __IMPORT_DESCRIPTOR_libmwmathutil 0000000180019154     libmwmathutil:libmwmathutil.dll
 0002:00005168       __IMPORT_DESCRIPTOR_libemlrt 0000000180019168     libemlrt:libemlrt.dll
 0002:0000517c       __IMPORT_DESCRIPTOR_libcovrt 000000018001917c     libcovrt:libcovrt.dll
 0002:00005190       __IMPORT_DESCRIPTOR_KERNEL32 0000000180019190     kernel32:KERNEL32.dll
 0002:000051a4       __IMPORT_DESCRIPTOR_VCRUNTIME140 00000001800191a4     vcruntime:VCRUNTIME140.dll
 0002:000051b8       __IMPORT_DESCRIPTOR_api-ms-win-crt-string-l1-1-0 00000001800191b8     ucrt:api-ms-win-crt-string-l1-1-0.dll
 0002:000051cc       __IMPORT_DESCRIPTOR_api-ms-win-crt-stdio-l1-1-0 00000001800191cc     ucrt:api-ms-win-crt-stdio-l1-1-0.dll
 0002:000051e0       __IMPORT_DESCRIPTOR_api-ms-win-crt-heap-l1-1-0 00000001800191e0     ucrt:api-ms-win-crt-heap-l1-1-0.dll
 0002:000051f4       __IMPORT_DESCRIPTOR_api-ms-win-crt-runtime-l1-1-0 00000001800191f4     ucrt:api-ms-win-crt-runtime-l1-1-0.dll
 0002:00005208       __NULL_IMPORT_DESCRIPTOR   0000000180019208     sf_runtime:sf_runtime.dll
 0003:00000160       DYNAMIC_DIMENSION          000000018001b160     Turtle_RRT_Algorithm_sfun_registry.obj
 0003:00000190       __security_cookie_complement 000000018001b190     MSVCRT:gs_cookie.obj
 0003:00000198       __security_cookie          000000018001b198     MSVCRT:gs_cookie.obj
 0003:000001a0       _fltused                   000000018001b1a0     MSVCRT:fltused.obj
 0003:000001a4       __scrt_native_dllmain_reason 000000018001b1a4     MSVCRT:utility.obj
 0003:000001a8       __isa_available            000000018001b1a8     MSVCRT:cpu_disp.obj
 0003:000001ac       __isa_enabled              000000018001b1ac     MSVCRT:cpu_disp.obj
 0003:000001b0       __memset_fast_string_threshold 000000018001b1b0     MSVCRT:cpu_disp.obj
 0003:000001b8       __memset_nt_threshold      000000018001b1b8     MSVCRT:cpu_disp.obj
 0003:000001c0       __scrt_ucrt_dll_is_in_use  000000018001b1c0     MSVCRT:ucrt_stubs.obj
 0003:000007f8       ?_OptionsStorage@?1??__local_stdio_printf_options@@9@4_KA 000000018001b7f8     Turtle_RRT_Algorithm_sfun_registry.obj
 0003:00000d90       ?__type_info_root_node@@3U__type_info_node@@A 000000018001bd90     MSVCRT:tncleanup.obj
 0003:00000da0       ?_OptionsStorage@?1??__local_stdio_scanf_options@@9@4_KA 000000018001bda0     MSVCRT:default_local_stdio_options.obj
 0003:00000da8       __scrt_current_native_startup_state 000000018001bda8     MSVCRT:utility.obj
 0003:00000db0       __scrt_native_startup_lock 000000018001bdb0     MSVCRT:utility.obj
 0003:00000df0       __scrt_debugger_hook_flag  000000018001bdf0     MSVCRT:utility_desktop.obj
 0003:00000df8       __castguard_check_failure_user_handled_fptr 000000018001bdf8     MSVCRT:guard_support.obj
 0003:00000e00       __favor                    000000018001be00     MSVCRT:cpu_disp.obj
 0003:00000e08       __dyn_tls_init_callback    000000018001be08     <common>

 entry point at        0001:00011554

 Static symbols

 0000:00000000       .debug$S                   0000000180000000     Turtle_RRT_Algorithm_sfun.exp
 0000:00000000       _volmd                     0000000180000000     Turtle_RRT_Algorithm_sfun.obj
 0000:00000000       _volmd                     0000000180000000     Turtle_RRT_Algorithm_sfun_registry.obj
 0000:00000000       _volmd                     0000000180000000     c8_Turtle_RRT_Algorithm.obj
 0000:00000000       .debug$S                   0000000180000000     ucrt:api-ms-win-crt-heap-l1-1-0.dll
 0000:00000000       .debug$S                   0000000180000000     ucrt:api-ms-win-crt-heap-l1-1-0.dll
 0000:00000000       .debug$S                   0000000180000000     ucrt:api-ms-win-crt-runtime-l1-1-0.dll
 0000:00000000       .debug$S                   0000000180000000     ucrt:api-ms-win-crt-runtime-l1-1-0.dll
 0000:00000000       .debug$S                   0000000180000000     ucrt:api-ms-win-crt-runtime-l1-1-0.dll
 0000:00000000       .debug$S                   0000000180000000     ucrt:api-ms-win-crt-runtime-l1-1-0.dll
 0000:00000000       .debug$S                   0000000180000000     ucrt:api-ms-win-crt-runtime-l1-1-0.dll
 0000:00000000       .debug$S                   0000000180000000     ucrt:api-ms-win-crt-runtime-l1-1-0.dll
 0000:00000000       .debug$S                   0000000180000000     ucrt:api-ms-win-crt-runtime-l1-1-0.dll
 0000:00000000       .debug$S                   0000000180000000     ucrt:api-ms-win-crt-runtime-l1-1-0.dll
 0000:00000000       .debug$S                   0000000180000000     ucrt:api-ms-win-crt-runtime-l1-1-0.dll
 0000:00000000       .debug$S                   0000000180000000     ucrt:api-ms-win-crt-runtime-l1-1-0.dll
 0000:00000000       .debug$S                   0000000180000000     ucrt:api-ms-win-crt-runtime-l1-1-0.dll
 0000:00000000       .debug$S                   0000000180000000     ucrt:api-ms-win-crt-runtime-l1-1-0.dll
 0000:00000000       .debug$S                   0000000180000000     ucrt:api-ms-win-crt-stdio-l1-1-0.dll
 0000:00000000       .debug$S                   0000000180000000     ucrt:api-ms-win-crt-string-l1-1-0.dll
 0000:00000000       .debug$S                   0000000180000000     ucrt:api-ms-win-crt-string-l1-1-0.dll
 0000:00000000       .debug$S                   0000000180000000     ucrt:api-ms-win-crt-string-l1-1-0.dll
 0000:00000000       .debug$S                   0000000180000000     kernel32:KERNEL32.dll
 0000:00000000       .debug$S                   0000000180000000     kernel32:KERNEL32.dll
 0000:00000000       .debug$S                   0000000180000000     kernel32:KERNEL32.dll
 0000:00000000       .debug$S                   0000000180000000     kernel32:KERNEL32.dll
 0000:00000000       .debug$S                   0000000180000000     kernel32:KERNEL32.dll
 0000:00000000       .debug$S                   0000000180000000     kernel32:KERNEL32.dll
 0000:00000000       .debug$S                   0000000180000000     kernel32:KERNEL32.dll
 0000:00000000       .debug$S                   0000000180000000     kernel32:KERNEL32.dll
 0000:00000000       .debug$S                   0000000180000000     kernel32:KERNEL32.dll
 0000:00000000       .debug$S                   0000000180000000     kernel32:KERNEL32.dll
 0000:00000000       .debug$S                   0000000180000000     kernel32:KERNEL32.dll
 0000:00000000       .debug$S                   0000000180000000     kernel32:KERNEL32.dll
 0000:00000000       .debug$S                   0000000180000000     kernel32:KERNEL32.dll
 0000:00000000       .debug$S                   0000000180000000     kernel32:KERNEL32.dll
 0000:00000000       .debug$S                   0000000180000000     kernel32:KERNEL32.dll
 0000:00000000       .debug$S                   0000000180000000     kernel32:KERNEL32.dll
 0000:00000000       .debug$S                   0000000180000000     kernel32:KERNEL32.dll
 0000:00000000       .debug$S                   0000000180000000     libcovrt:libcovrt.dll
 0000:00000000       .debug$S                   0000000180000000     libcovrt:libcovrt.dll
 0000:00000000       .debug$S                   0000000180000000     libcovrt:libcovrt.dll
 0000:00000000       .debug$S                   0000000180000000     libcovrt:libcovrt.dll
 0000:00000000       .debug$S                   0000000180000000     libcovrt:libcovrt.dll
 0000:00000000       .debug$S                   0000000180000000     libcovrt:libcovrt.dll
 0000:00000000       .debug$S                   0000000180000000     libcovrt:libcovrt.dll
 0000:00000000       .debug$S                   0000000180000000     libcovrt:libcovrt.dll
 0000:00000000       .debug$S                   0000000180000000     libcovrt:libcovrt.dll
 0000:00000000       .debug$S                   0000000180000000     libemlrt:libemlrt.dll
 0000:00000000       .debug$S                   0000000180000000     libemlrt:libemlrt.dll
 0000:00000000       .debug$S                   0000000180000000     libmex:libmex.dll
 0000:00000000       .debug$S                   0000000180000000     libmex:libmex.dll
 0000:00000000       .debug$S                   0000000180000000     libmex:libmex.dll
 0000:00000000       .debug$S                   0000000180000000     libmex:libmex.dll
 0000:00000000       .debug$S                   0000000180000000     libmex:libmex.dll
 0000:00000000       .debug$S                   0000000180000000     libmex:libmex.dll
 0000:00000000       .debug$S                   0000000180000000     libmex:libmex.dll
 0000:00000000       .debug$S                   0000000180000000     libmwmathutil:libmwmathutil.dll
 0000:00000000       .debug$S                   0000000180000000     libmwmathutil:libmwmathutil.dll
 0000:00000000       .debug$S                   0000000180000000     libmwmathutil:libmwmathutil.dll
 0000:00000000       .debug$S                   0000000180000000     libmx:libmx.dll
 0000:00000000       .debug$S                   0000000180000000     libmx:libmx.dll
 0000:00000000       .debug$S                   0000000180000000     libmx:libmx.dll
 0000:00000000       .debug$S                   0000000180000000     libmx:libmx.dll
 0000:00000000       .debug$S                   0000000180000000     libmx:libmx.dll
 0000:00000000       .debug$S                   0000000180000000     libmx:libmx.dll
 0000:00000000       .debug$S                   0000000180000000     libmx:libmx.dll
 0000:00000000       .debug$S                   0000000180000000     libmx:libmx.dll
 0000:00000000       .debug$S                   0000000180000000     libmx:libmx.dll
 0000:00000000       .debug$S                   0000000180000000     libmx:libmx.dll
 0000:00000000       .debug$S                   0000000180000000     libmx:libmx.dll
 0000:00000000       .debug$S                   0000000180000000     libmx:libmx.dll
 0000:00000000       .debug$S                   0000000180000000     libmx:libmx.dll
 0000:00000000       .debug$S                   0000000180000000     libmx:libmx.dll
 0000:00000000       .debug$S                   0000000180000000     libmx:libmx.dll
 0000:00000000       .debug$S                   0000000180000000     libmx:libmx.dll
 0000:00000000       .debug$S                   0000000180000000     libmx:libmx.dll
 0000:00000000       .debug$S                   0000000180000000     libmx:libmx.dll
 0000:00000000       .debug$S                   0000000180000000     libut:libut.dll
 0000:00000000       .debug$S                   0000000180000000     libut:libut.dll
 0000:00000000       .debug$S                   0000000180000000     sf_runtime:sf_runtime.dll
 0000:00000000       .debug$S                   0000000180000000     sf_runtime:sf_runtime.dll
 0000:00000000       .debug$S                   0000000180000000     sf_runtime:sf_runtime.dll
 0000:00000000       .debug$S                   0000000180000000     sf_runtime:sf_runtime.dll
 0000:00000000       .debug$S                   0000000180000000     sf_runtime:sf_runtime.dll
 0000:00000000       .debug$S                   0000000180000000     sf_runtime:sf_runtime.dll
 0000:00000000       .debug$S                   0000000180000000     sf_runtime:sf_runtime.dll
 0000:00000000       .debug$S                   0000000180000000     sf_runtime:sf_runtime.dll
 0000:00000000       .debug$S                   0000000180000000     sf_runtime:sf_runtime.dll
 0000:00000000       .debug$S                   0000000180000000     sf_runtime:sf_runtime.dll
 0000:00000000       .debug$S                   0000000180000000     sf_runtime:sf_runtime.dll
 0000:00000000       .debug$S                   0000000180000000     sf_runtime:sf_runtime.dll
 0000:00000000       .debug$S                   0000000180000000     sf_runtime:sf_runtime.dll
 0000:00000000       .debug$S                   0000000180000000     sf_runtime:sf_runtime.dll
 0000:00000000       .debug$S                   0000000180000000     sf_runtime:sf_runtime.dll
 0000:00000000       .debug$S                   0000000180000000     sf_runtime:sf_runtime.dll
 0000:00000000       .debug$S                   0000000180000000     sf_runtime:sf_runtime.dll
 0000:00000000       .debug$S                   0000000180000000     sf_runtime:sf_runtime.dll
 0000:00000000       .debug$S                   0000000180000000     sf_runtime:sf_runtime.dll
 0000:00000000       .debug$S                   0000000180000000     sf_runtime:sf_runtime.dll
 0000:00000000       .debug$S                   0000000180000000     sf_runtime:sf_runtime.dll
 0000:00000000       .debug$S                   0000000180000000     sf_runtime:sf_runtime.dll
 0000:00000000       .debug$S                   0000000180000000     sf_runtime:sf_runtime.dll
 0000:00000000       .debug$S                   0000000180000000     sf_runtime:sf_runtime.dll
 0000:00000000       .debug$S                   0000000180000000     sf_runtime:sf_runtime.dll
 0000:00000000       .debug$S                   0000000180000000     sf_runtime:sf_runtime.dll
 0000:00000000       .debug$S                   0000000180000000     sf_runtime:sf_runtime.dll
 0000:00000000       .debug$S                   0000000180000000     sf_runtime:sf_runtime.dll
 0000:00000000       .debug$S                   0000000180000000     sf_runtime:sf_runtime.dll
 0000:00000000       .debug$S                   0000000180000000     sf_runtime:sf_runtime.dll
 0000:00000000       .debug$S                   0000000180000000     sf_runtime:sf_runtime.dll
 0000:00000000       .debug$S                   0000000180000000     sf_runtime:sf_runtime.dll
 0000:00000000       .debug$S                   0000000180000000     sf_runtime:sf_runtime.dll
 0000:00000000       .debug$S                   0000000180000000     sf_runtime:sf_runtime.dll
 0000:00000000       .debug$S                   0000000180000000     sf_runtime:sf_runtime.dll
 0000:00000000       .debug$S                   0000000180000000     sf_runtime:sf_runtime.dll
 0000:00000000       .debug$S                   0000000180000000     sf_runtime:sf_runtime.dll
 0000:00000000       .debug$S                   0000000180000000     sf_runtime:sf_runtime.dll
 0000:00000000       .debug$S                   0000000180000000     sf_runtime:sf_runtime.dll
 0000:00000000       _volmd                     0000000180000000     MSVCRT:cpu_disp.obj
 0002:fffec000       __guard_ehcont_?dllmain_dispatch@@YAHQEAUHINSTANCE__@@KQEAX@Z 0000000180000000     MSVCRT:dll_dllmain.obj
 0002:fffec000       __guard_fids_?dllmain_dispatch@@YAHQEAUHINSTANCE__@@KQEAX@Z 0000000180000000     MSVCRT:dll_dllmain.obj
 0000:00000000       _volmd                     0000000180000000     MSVCRT:gs_report.obj
 0000:00000000       _volmd                     0000000180000000     MSVCRT:gs_report.obj
 0000:00000000       _volmd                     0000000180000000     MSVCRT:gs_report.obj
 0002:fffec000       __guard_fids__             0000000180000000     MSVCRT:guard_support.obj
 0002:fffec000       __guard_fids__             0000000180000000     MSVCRT:guard_support.obj
 0002:fffec000       __guard_fids__guard_icall_checks_enforced 0000000180000000     MSVCRT:guard_support.obj
 0000:00000000       _volmd                     0000000180000000     MSVCRT:guard_support.obj
 0000:00000000       _volmd                     0000000180000000     MSVCRT:guard_support.obj
 0000:00000000       _volmd                     0000000180000000     MSVCRT:guard_support.obj
 0000:00000000       _volmd                     0000000180000000     MSVCRT:guard_support.obj
 0000:00000000       _volmd                     0000000180000000     MSVCRT:guard_support.obj
 0000:00000000       _volmd                     0000000180000000     MSVCRT:guard_support.obj
 0000:00000000       _volmd                     0000000180000000     MSVCRT:guard_support.obj
 0000:00000000       _volmd                     0000000180000000     MSVCRT:guard_support.obj
 0000:00000000       _volmd                     0000000180000000     MSVCRT:guard_support.obj
 0000:00000000       _volmd                     0000000180000000     MSVCRT:guard_support.obj
 0002:fffec000       __guard_ehcont___scrt_is_nonwritable_in_current_image 0000000180000000     MSVCRT:utility.obj
 0000:00000000       _volmd                     0000000180000000     MSVCRT:utility.obj
 0000:00000000       _volmd                     0000000180000000     MSVCRT:utility.obj
 0000:00000000       _volmd                     0000000180000000     MSVCRT:utility.obj
 0002:fffec000       __guard_fids___scrt_set_unhandled_exception_filter 0000000180000000     MSVCRT:utility_desktop.obj
 0000:00000000       _volmd                     0000000180000000     MSVCRT:utility_desktop.obj
 0002:fffec000       __guard_fids__             0000000180000000     vcruntime:softmemtag.obj
 0000:00000000       .debug$S                   0000000180000000     vcruntime:VCRUNTIME140.dll
 0000:00000000       .debug$S                   0000000180000000     vcruntime:VCRUNTIME140.dll
 0000:00000000       .debug$S                   0000000180000000     vcruntime:VCRUNTIME140.dll
 0000:00000000       .debug$S                   0000000180000000     vcruntime:VCRUNTIME140.dll
 0000:00000000       .debug$S                   0000000180000000     vcruntime:VCRUNTIME140.dll
 0000:00000000       .debug$S                   0000000180000000     vcruntime:VCRUNTIME140.dll
 0000:00000010       _volmd                     0000000180000010     Turtle_RRT_Algorithm_sfun.obj
 0000:00000010       _volmd                     0000000180000010     Turtle_RRT_Algorithm_sfun_registry.obj
 0000:00000010       _volmd                     0000000180000010     c8_Turtle_RRT_Algorithm.obj
[...]
 0002:00004b70       $unwind$sf_machine_global_terminator 0000000180018b70     Turtle_RRT_Algorithm_sfun_registry.obj
 0002:00004b78       $unwind$?sf_register_machine_exported_symbols@@YAXPEAUSimStruct_tag@@@Z 0000000180018b78     Turtle_RRT_Algorithm_sfun_registry.obj
 0002:00004b80       $unwind$sf_machine_global_initializer 0000000180018b80     Turtle_RRT_Algorithm_sfun_registry.obj
 0002:00004b88       $unwind$?mdlGetSimState@@YAPEAUmxArray_tag@@PEAUSimStruct_tag@@@Z 0000000180018b88     Turtle_RRT_Algorithm_sfun_registry.obj
 0002:00004b90       $unwind$?mdlSetSimState@@YAXPEAUSimStruct_tag@@PEBUmxArray_tag@@@Z 0000000180018b90     Turtle_RRT_Algorithm_sfun_registry.obj
 0002:00004b98       $unwind$?mdlSetWorkWidths@@YAXPEAUSimStruct_tag@@@Z 0000000180018b98     Turtle_RRT_Algorithm_sfun_registry.obj
 0002:00004ba0       $unwind$?mdlProcessParameters@@YAXPEAUSimStruct_tag@@@Z 0000000180018ba0     Turtle_RRT_Algorithm_sfun_registry.obj
 0002:00004ba8       $unwind$?mdl_setup_runtime_resources_processing@@YAXPEAUSimStruct_tag@@@Z 0000000180018ba8     Turtle_RRT_Algorithm_sfun_registry.obj
 0002:00004bb0       $unwind$?mdlSetupRuntimeResources@@YAXPEAUSimStruct_tag@@@Z 0000000180018bb0     Turtle_RRT_Algorithm_sfun_registry.obj
 0002:00004bb8       $unwind$?mdl_cleanup_runtime_resources_processing@@YAXPEAUSimStruct_tag@@@Z 0000000180018bb8     Turtle_RRT_Algorithm_sfun_registry.obj
 0002:00004bc0       $unwind$?mdlCleanupRuntimeResources@@YAXPEAUSimStruct_tag@@@Z 0000000180018bc0     Turtle_RRT_Algorithm_sfun_registry.obj
 0002:00004bc8       $unwind$?mdl_start_processing@@YAXPEAUSimStruct_tag@@@Z 0000000180018bc8     Turtle_RRT_Algorithm_sfun_registry.obj
 0002:00004bd0       $unwind$?mdlStart@@YAXPEAUSimStruct_tag@@@Z 0000000180018bd0     Turtle_RRT_Algorithm_sfun_registry.obj
 0002:00004bd8       $unwind$?mdl_terminate_processing@@YAXPEAUSimStruct_tag@@@Z 0000000180018bd8     Turtle_RRT_Algorithm_sfun_registry.obj
 0002:00004be0       $unwind$?mdlTerminate@@YAXPEAUSimStruct_tag@@@Z 0000000180018be0     Turtle_RRT_Algorithm_sfun_registry.obj
 0002:00004be8       $unwind$?mdlInitializeSizes@@YAXPEAUSimStruct_tag@@@Z 0000000180018be8     Turtle_RRT_Algorithm_sfun_registry.obj
 0002:00004bf0       $unwind$?mdlInitializeSampleTimes@@YAXPEAUSimStruct_tag@@@Z 0000000180018bf0     Turtle_RRT_Algorithm_sfun_registry.obj
 0002:00004bf8       $unwind$?mdl_outputs_continuous_legacy@@YAXPEAUSimStruct_tag@@PEAUChartInfoStruct@@@Z 0000000180018bf8     Turtle_RRT_Algorithm_sfun_registry.obj
 0002:00004c00       $unwind$?mdl_outputs_processing@@YAXPEAUSimStruct_tag@@@Z 0000000180018c00     Turtle_RRT_Algorithm_sfun_registry.obj
 0002:00004c08       $unwind$?mdl_zeroCrossings_processing@@YAXPEAUSimStruct_tag@@@Z 0000000180018c08     Turtle_RRT_Algorithm_sfun_registry.obj
 0002:00004c10       $unwind$?mdlZeroCrossings@@YAXPEAUSimStruct_tag@@@Z 0000000180018c10     Turtle_RRT_Algorithm_sfun_registry.obj
 0002:00004c18       $unwind$?mdl_derivatives_processing@@YAXPEAUSimStruct_tag@@@Z 0000000180018c18     Turtle_RRT_Algorithm_sfun_registry.obj
 0002:00004c20       $unwind$?mdlDerivatives@@YAXPEAUSimStruct_tag@@@Z 0000000180018c20     Turtle_RRT_Algorithm_sfun_registry.obj
 0002:00004c28       $unwind$?mdl_initialize_conditions_processing@@YAXPEAUSimStruct_tag@@@Z 0000000180018c28     Turtle_RRT_Algorithm_sfun_registry.obj
 0002:00004c30       $unwind$?mdlInitializeConditions@@YAXPEAUSimStruct_tag@@@Z 0000000180018c30     Turtle_RRT_Algorithm_sfun_registry.obj
 0002:00004c38       $unwind$?mdl_ext_mode_exec_processing@@YAXPEAUSimStruct_tag@@@Z 0000000180018c38     Turtle_RRT_Algorithm_sfun_registry.obj
 0002:00004c40       $unwind$?mdlExtModeExec@@YAXPEAUSimStruct_tag@@@Z 0000000180018c40     Turtle_RRT_Algorithm_sfun_registry.obj
 0002:00004c48       $unwind$?mdlRTW@@YAXPEAUSimStruct_tag@@@Z 0000000180018c48     Turtle_RRT_Algorithm_sfun_registry.obj
 0002:00004c50       $unwind$?mdl_enable_processing@@YAXPEAUSimStruct_tag@@@Z 0000000180018c50     Turtle_RRT_Algorithm_sfun_registry.obj
 0002:00004c58       $unwind$?mdlEnable@@YAXPEAUSimStruct_tag@@@Z 0000000180018c58     Turtle_RRT_Algorithm_sfun_registry.obj
 0002:00004c60       $unwind$?mdl_disable_processing@@YAXPEAUSimStruct_tag@@@Z 0000000180018c60     Turtle_RRT_Algorithm_sfun_registry.obj
 0002:00004c68       $unwind$?mdlDisable@@YAXPEAUSimStruct_tag@@@Z 0000000180018c68     Turtle_RRT_Algorithm_sfun_registry.obj
 0002:00004c70       $unwind$?mdlOutputs@@YAXPEAUSimStruct_tag@@H@Z 0000000180018c70     Turtle_RRT_Algorithm_sfun_registry.obj
 0002:00004c78       $unwind$?mdl_update_processing@@YAXPEAUSimStruct_tag@@@Z 0000000180018c78     Turtle_RRT_Algorithm_sfun_registry.obj
 0002:00004c80       $unwind$?mdlUpdate@@YAXPEAUSimStruct_tag@@H@Z 0000000180018c80     Turtle_RRT_Algorithm_sfun_registry.obj
 0002:00004c88       $unwind$?ProcessMexSfunctionEveryCall@@YAIHQEAPEAUmxArray_tag@@HQEAPEBU1@@Z 0000000180018c88     Turtle_RRT_Algorithm_sfun_registry.obj
 0002:00004c90       $unwind$?_RegNumInputPortsCB@@YAHPEAXH@Z 0000000180018c90     Turtle_RRT_Algorithm_sfun_registry.obj
 0002:00004c98       $unwind$?_RegNumOutputPortsCB@@YAHPEAXH@Z 0000000180018c98     Turtle_RRT_Algorithm_sfun_registry.obj
 0002:00004ca0       $unwind$?_CreateSimStruct@@YAPEAUSimStruct_tag@@HQEAPEBUmxArray_tag@@@Z 0000000180018ca0     Turtle_RRT_Algorithm_sfun_registry.obj
 0002:00004ca8       $unwind$?_ProcessMexSfunctionCmdLineCall@@YAXHQEAPEAUmxArray_tag@@HQEAPEBU1@@Z 0000000180018ca8     Turtle_RRT_Algorithm_sfun_registry.obj
 0002:00004cbc       $unwind$?ReportIndexOutOfBoundsError@@YAXPEBDHPEBUSimStruct_tag@@HPEAHH0@Z 0000000180018cbc     Turtle_RRT_Algorithm_sfun_registry.obj
 0002:00004ccc       $unwind$?getBitfieldFromFloat@@YAIM@Z 0000000180018ccc     half_type.obj
 0002:00004cd4       $unwind$?getFloatFromBitfield@@YAMI@Z 0000000180018cd4     half_type.obj
 0002:00004cdc       $unwind$??0real16_T@@QEAA@M@Z 0000000180018cdc     half_type.obj
 0002:00004ce4       $unwind$??0real16_T@@QEAA@N@Z 0000000180018ce4     half_type.obj
 0002:00004cec       $unwind$??Breal16_T@@QEBAMXZ 0000000180018cec     half_type.obj
 0002:00004cf4       $unwind$??Breal16_T@@QEBANXZ 0000000180018cf4     half_type.obj
 0002:00004cfc       $unwind$??Hreal16_T@@QEBA?AV0@V0@@Z 0000000180018cfc     half_type.obj
 0002:00004d04       $unwind$??Greal16_T@@QEBA?AV0@V0@@Z 0000000180018d04     half_type.obj
 0002:00004d0c       $unwind$??Dreal16_T@@QEBA?AV0@V0@@Z 0000000180018d0c     half_type.obj
 0002:00004d14       $unwind$??Kreal16_T@@QEBA?AV0@V0@@Z 0000000180018d14     half_type.obj
 0002:00004d1c       $unwind$??Greal16_T@@QEBA?AV0@XZ 0000000180018d1c     half_type.obj
 0002:00004d24       $unwind$??Ereal16_T@@QEAAAEAV0@XZ 0000000180018d24     half_type.obj
 0002:00004d2c       $unwind$??Ereal16_T@@QEAA?AV0@H@Z 0000000180018d2c     half_type.obj
 0002:00004d34       $unwind$??Freal16_T@@QEAAAEAV0@XZ 0000000180018d34     half_type.obj
 0002:00004d3c       $unwind$??Freal16_T@@QEAA?AV0@H@Z 0000000180018d3c     half_type.obj
 0002:00004d44       $unwind$??8real16_T@@QEBAEV0@@Z 0000000180018d44     half_type.obj
 0002:00004d4c       $unwind$??9real16_T@@QEBAEV0@@Z 0000000180018d4c     half_type.obj
 0002:00004d54       $unwind$??Preal16_T@@QEBAEV0@@Z 0000000180018d54     half_type.obj
 0002:00004d5c       $unwind$??Oreal16_T@@QEBAEV0@@Z 0000000180018d5c     half_type.obj
 0002:00004d64       $unwind$??Nreal16_T@@QEBAEV0@@Z 0000000180018d64     half_type.obj
 0002:00004d6c       $unwind$??Mreal16_T@@QEBAEV0@@Z 0000000180018d6c     half_type.obj
 0002:00004d74       $unwind$??4real16_T@@QECAXAEDV0@@Z 0000000180018d74     half_type.obj
 0002:00004d7c       $unwind$??4real16_T@@QECAXAEBV0@@Z 0000000180018d7c     half_type.obj
 0002:00004d84       $unwind$??Yreal16_T@@QEAAAEAV0@V0@@Z 0000000180018d84     half_type.obj
 0002:00004d8c       $unwind$??Zreal16_T@@QEAAAEAV0@V0@@Z 0000000180018d8c     half_type.obj
 0002:00004d94       $unwind$??Xreal16_T@@QEAAAEAV0@V0@@Z 0000000180018d94     half_type.obj
 0002:00004d9c       $unwind$??_0real16_T@@QEAAAEAV0@V0@@Z 0000000180018d9c     half_type.obj
 0002:00004da4       $unwind$?getBitfieldFromHalf@@YAGVreal16_T@@@Z 0000000180018da4     half_type.obj
 0002:00004dac       $unwind$?getHalfFromBitfield@@YA?AVreal16_T@@G@Z 0000000180018dac     half_type.obj
 0002:00004db4       $unwind$?halfToFloat@@YAMVreal16_T@@@Z 0000000180018db4     half_type.obj
 0002:00004dbc       $unwind$?halfToDouble@@YANVreal16_T@@@Z 0000000180018dbc     half_type.obj
 0002:00004dc4       $unwind$?floatToHalf@@YA?AVreal16_T@@M@Z 0000000180018dc4     half_type.obj
 0002:00004dcc       $unwind$?doubleToHalf@@YA?AVreal16_T@@N@Z 0000000180018dcc     half_type.obj
 0002:00004dd4       $unwind$__report_securityfailure 0000000180018dd4     MSVCRT:gs_report.obj
 0002:00004ddc       $unwind$__report_securityfailureEx 0000000180018ddc     MSVCRT:gs_report.obj
 0002:00004de4       $unwind$__report_rangecheckfailure 0000000180018de4     MSVCRT:gs_report.obj
 0002:00004dec       $unwind$__report_gsfailure 0000000180018dec     MSVCRT:gs_report.obj
 0002:00004df4       $unwind$capture_current_context 0000000180018df4     MSVCRT:gs_report.obj
 0002:00004e00       $unwind$capture_previous_context 0000000180018e00     MSVCRT:gs_report.obj
 0002:00004e0c       $unwind$__raise_securityfailure 0000000180018e0c     MSVCRT:gs_report.obj
 0002:00004e14       $unwind$__GSHandlerCheckCommon 0000000180018e14     MSVCRT:gshandler.obj
 0002:00004e1c       $unwind$__GSHandlerCheck   0000000180018e1c     MSVCRT:gshandler.obj
 0002:00004e28       $xdatasym                  0000000180018e28     MSVCRT:amdsecgs.obj
 0002:00004e2c       $unwind$?dllmain_crt_process_attach@@YAHQEAUHINSTANCE__@@QEAX@Z 0000000180018e2c     MSVCRT:dll_dllmain.obj
 0002:00004e68       $unwind$?fin$0@?0??dllmain_crt_process_attach@@YAHQEAUHINSTANCE__@@QEAX@Z@4HA 0000000180018e68     MSVCRT:dll_dllmain.obj
 0002:00004e70       $unwind$?dllmain_crt_process_detach@@YAH_N@Z 0000000180018e70     MSVCRT:dll_dllmain.obj
 0002:00004ec4       $unwind$?fin$0@?0??dllmain_crt_process_detach@@YAH_N@Z@4HA 0000000180018ec4     MSVCRT:dll_dllmain.obj
 0002:00004ecc       $unwind$?fin$1@?0??dllmain_crt_process_detach@@YAH_N@Z@4HA 0000000180018ecc     MSVCRT:dll_dllmain.obj
 0002:00004ed4       $unwind$?dllmain_crt_dispatch@@YAHQEAUHINSTANCE__@@KQEAX@Z 0000000180018ed4     MSVCRT:dll_dllmain.obj
 0002:00004edc       $unwind$?dllmain_dispatch@@YAHQEAUHINSTANCE__@@KQEAX@Z 0000000180018edc     MSVCRT:dll_dllmain.obj
 0002:00004f04       $unwind$?filt$0@?0??dllmain_dispatch@@YAHQEAUHINSTANCE__@@KQEAX@Z@4HA 0000000180018f04     MSVCRT:dll_dllmain.obj
 0002:00004f0c       $unwind$_DllMainCRTStartup 0000000180018f0c     MSVCRT:dll_dllmain.obj
 0002:00004f1c       $unwind$__security_init_cookie 0000000180018f1c     MSVCRT:gs_support.obj
 0002:00004f28       $unwind$__get_entropy      0000000180018f28     MSVCRT:gs_support.obj
 0002:00004f30       $unwind$DllMain            0000000180018f30     MSVCRT:dll_dllmain_stub.obj
 0002:00004f38       $unwind$__scrt_initialize_default_local_stdio_options 0000000180018f38     MSVCRT:default_local_stdio_options.obj
 0002:00004f40       $unwind$atexit             0000000180018f40     MSVCRT:utility.obj
 0002:00004f48       $unwind$_onexit            0000000180018f48     MSVCRT:utility.obj
 0002:00004f50       $unwind$__scrt_is_nonwritable_in_current_image 0000000180018f50     MSVCRT:utility.obj
 0002:00004f70       $unwind$__scrt_is_nonwritable_in_current_image$filt$0 0000000180018f70     MSVCRT:utility.obj
 0002:00004f78       $unwind$__scrt_acquire_startup_lock 0000000180018f78     MSVCRT:utility.obj
 0002:00004f80       $unwind$__scrt_release_startup_lock 0000000180018f80     MSVCRT:utility.obj
 0002:00004f88       $unwind$__scrt_initialize_crt 0000000180018f88     MSVCRT:utility.obj
 0002:00004f90       $unwind$__scrt_uninitialize_crt 0000000180018f90     MSVCRT:utility.obj
 0002:00004f98       $unwind$__scrt_initialize_onexit_tables 0000000180018f98     MSVCRT:utility.obj
 0002:00004fa0       $unwind$__scrt_dllmain_exception_filter 0000000180018fa0     MSVCRT:utility.obj
 0002:00004fb4       $unwind$__scrt_dllmain_before_initialize_c 0000000180018fb4     MSVCRT:utility.obj
 0002:00004fbc       $unwind$__scrt_dllmain_after_initialize_c 0000000180018fbc     MSVCRT:utility.obj
 0002:00004fc4       $unwind$__scrt_dllmain_uninitialize_c 0000000180018fc4     MSVCRT:utility.obj
 0002:00004fcc       $unwind$__scrt_dllmain_uninitialize_critical 0000000180018fcc     MSVCRT:utility.obj
 0002:00004fd4       $unwind$__scrt_dllmain_crt_thread_attach 0000000180018fd4     MSVCRT:utility.obj
 0002:00004fdc       $unwind$__scrt_dllmain_crt_thread_detach 0000000180018fdc     MSVCRT:utility.obj
 0002:00004fe4       $unwind$?configure_argv@__scrt_narrow_argv_policy@@SAHXZ 0000000180018fe4     MSVCRT:utility.obj
 0002:00004fec       $unwind$__scrt_get_show_window_mode 0000000180018fec     MSVCRT:utility_desktop.obj
 0002:00004ff4       $unwind$__scrt_is_managed_app 0000000180018ff4     MSVCRT:utility_desktop.obj
 0002:00004ffc       $unwind$__scrt_fastfail    0000000180018ffc     MSVCRT:utility_desktop.obj
 0002:0000500c       $unwind$__scrt_unhandled_exception_filter 000000018001900c     MSVCRT:utility_desktop.obj
 0002:00005018       $unwind$_RTC_Initialize    0000000180019018     MSVCRT:initsect.obj
 0002:00005024       $unwind$_RTC_Terminate     0000000180019024     MSVCRT:initsect.obj
 0002:00005030       $unwind$__castguard_check_failure_os_handled_wrapper 0000000180019030     MSVCRT:guard_support.obj
 0002:00005038       $unwind$__castguard_check_failure_user_handled_wrapper 0000000180019038     MSVCRT:guard_support.obj
 0002:00005040       $unwind$__castguard_check_failure_os_handled 0000000180019040     MSVCRT:guard_support.obj
 0002:00005048       $unwind$__castguard_check_failure_user_handled 0000000180019048     MSVCRT:guard_support.obj
 0002:00005050       $unwind$__castguard_slow_path_check_os_handled 0000000180019050     MSVCRT:guard_support.obj
 0002:00005058       $unwind$__castguard_slow_path_check_user_handled 0000000180019058     MSVCRT:guard_support.obj
 0002:00005060       $unwind$__isa_available_init 0000000180019060     MSVCRT:cpu_disp.obj
 0002:00005070       $xdatasym                  0000000180019070     MSVCRT:guard_dispatch.obj
 0002:00005078       $xdatasym                  0000000180019078     MSVCRT:guard_xfg_dispatch.obj
 0002:00005080       .edata                     0000000180019080     Turtle_RRT_Algorithm_sfun.exp
 0002:000050a8       rgpv                       00000001800190a8     Turtle_RRT_Algorithm_sfun.exp
 0002:000050b0       rgszName                   00000001800190b0     Turtle_RRT_Algorithm_sfun.exp
 0002:000050b8       rgwOrd                     00000001800190b8     Turtle_RRT_Algorithm_sfun.exp
 0002:000050bc       szName                     00000001800190bc     Turtle_RRT_Algorithm_sfun.exp
 0002:000050dd       $N00001                    00000001800190dd     Turtle_RRT_Algorithm_sfun.exp
 0002:000050e9       $N00002                    00000001800190e9     Turtle_RRT_Algorithm_sfun.exp
 0002:00005a32       .idata$6                   0000000180019a32     sf_runtime:sf_runtime.dll
 0002:00005bac       .idata$6                   0000000180019bac     libmx:libmx.dll
 0002:00005c40       .idata$6                   0000000180019c40     libmex:libmex.dll
 0002:00005c62       .idata$6                   0000000180019c62     libut:libut.dll
 0002:00005cae       .idata$6                   0000000180019cae     libmwmathutil:libmwmathutil.dll
 0002:00005cfe       .idata$6                   0000000180019cfe     libemlrt:libemlrt.dll
 0002:00005dde       .idata$6                   0000000180019dde     libcovrt:libcovrt.dll
 0002:00005f78       .idata$6                   0000000180019f78     kernel32:KERNEL32.dll
 0002:00006006       .idata$6                   000000018001a006     vcruntime:VCRUNTIME140.dll
 0002:00006154       .idata$6                   000000018001a154     ucrt:api-ms-win-crt-string-l1-1-0.dll
 0002:00006176       .idata$6                   000000018001a176     ucrt:api-ms-win-crt-stdio-l1-1-0.dll
 0002:00006196       .idata$6                   000000018001a196     ucrt:api-ms-win-crt-heap-l1-1-0.dll
 0002:000061b6       .idata$6                   000000018001a1b6     ucrt:api-ms-win-crt-runtime-l1-1-0.dll
 0003:00000000       ?c8_emlrtMCI@@3UemlrtRTEInfo@@A 000000018001b000     c8_Turtle_RRT_Algorithm.obj
 0003:00000018       ?c8_c_emlrtMCI@@3UemlrtRTEInfo@@A 000000018001b018     c8_Turtle_RRT_Algorithm.obj
 0003:00000030       ?c8_emlrtRSI@@3UemlrtRSInfo@@A 000000018001b030     c8_Turtle_RRT_Algorithm.obj
 0003:00000048       ?c8_b_emlrtRSI@@3UemlrtRSInfo@@A 000000018001b048     c8_Turtle_RRT_Algorithm.obj
 0003:00000060       ?c8_c_emlrtRSI@@3UemlrtRSInfo@@A 000000018001b060     c8_Turtle_RRT_Algorithm.obj
 0003:00000078       ?c8_d_emlrtRSI@@3UemlrtRSInfo@@A 000000018001b078     c8_Turtle_RRT_Algorithm.obj
 0003:00000090       ?c8_e_emlrtRSI@@3UemlrtRSInfo@@A 000000018001b090     c8_Turtle_RRT_Algorithm.obj
 0003:000000a8       ?c8_f_emlrtRSI@@3UemlrtRSInfo@@A 000000018001b0a8     c8_Turtle_RRT_Algorithm.obj
 0003:000000c0       ?c8_g_emlrtRSI@@3UemlrtRSInfo@@A 000000018001b0c0     c8_Turtle_RRT_Algorithm.obj
 0003:000000d8       ?c8_emlrtECI@@3UemlrtECInfo@@A 000000018001b0d8     c8_Turtle_RRT_Algorithm.obj
 0003:000000f8       ?c8_b_emlrtECI@@3UemlrtECInfo@@A 000000018001b0f8     c8_Turtle_RRT_Algorithm.obj
 0003:00000118       ?c8_cv@?1??sf_gateway_c8_Turtle_RRT_Algorithm@@YAXPEAUSFc8_Turtle_RRT_AlgorithmInstanceStruct@@@Z@4PADA 000000018001b118     c8_Turtle_RRT_Algorithm.obj
 0003:00000138       ?c8_cv2@?1??sf_gateway_c8_Turtle_RRT_Algorithm@@YAXPEAUSFc8_Turtle_RRT_AlgorithmInstanceStruct@@@Z@4PADA 000000018001b138     c8_Turtle_RRT_Algorithm.obj
 0003:00000158       ?c8_cv1@?1??sf_gateway_c8_Turtle_RRT_Algorithm@@YAXPEAUSFc8_Turtle_RRT_AlgorithmInstanceStruct@@@Z@4PADA 000000018001b158     c8_Turtle_RRT_Algorithm.obj
 0003:0000015c       ?c8_cv3@?1??sf_gateway_c8_Turtle_RRT_Algorithm@@YAXPEAUSFc8_Turtle_RRT_AlgorithmInstanceStruct@@@Z@4PADA 000000018001b15c     c8_Turtle_RRT_Algorithm.obj
 0003:00000168       ?_sfcnName@@3PADA          000000018001b168     Turtle_RRT_Algorithm_sfun_registry.obj
 0003:000001d0       ?sRtwOptimizationInfoStruct@@3PEAUmxArray_tag@@EA 000000018001b1d0     Turtle_RRT_Algorithm_sfun.obj
 0003:000001d8       ?sOptimizationInfoFlags@@3USfOptimizationInfoFlagsTag@@A 000000018001b1d8     Turtle_RRT_Algorithm_sfun.obj
 0003:000001e0       ?_sfTime_@@3NA             000000018001b1e0     c8_Turtle_RRT_Algorithm.obj
 0003:000001f0       ?newstr@?1??sf_c8_Turtle_RRT_Algorithm_get_post_codegen_info@@YAPEBDXZ@4PADA 000000018001b1f0     c8_Turtle_RRT_Algorithm.obj
 0003:00000800       ?sfGlobalMdlStartCallCounts@@3IA 000000018001b800     Turtle_RRT_Algorithm_sfun_registry.obj
 0003:00000804       ?warningGuard@?1??ssGetRootSS@@9@4_NA 000000018001b804     Turtle_RRT_Algorithm_sfun_registry.obj
 0003:00000805       ?warningGuard@?1??ssGetParentSS@@9@4_NA 000000018001b805     Turtle_RRT_Algorithm_sfun_registry.obj
 0003:00000810       GS_ExceptionRecord         000000018001b810     MSVCRT:gs_report.obj
 0003:000008b0       GS_ContextRecord           000000018001b8b0     MSVCRT:gs_report.obj
 0003:00000d80       ?__proc_attached@@3HA      000000018001bd80     MSVCRT:dll_dllmain.obj
 0003:00000db8       ?is_initialized_as_dll@@3_NA 000000018001bdb8     MSVCRT:utility.obj
 0003:00000db9       ?module_local_atexit_table_initialized@@3_NA 000000018001bdb9     MSVCRT:utility.obj
 0003:00000dc0       ?module_local_atexit_table@@3U_onexit_table_t@@A 000000018001bdc0     MSVCRT:utility.obj
 0003:00000dd8       ?module_local_at_quick_exit_table@@3U_onexit_table_t@@A 000000018001bdd8     MSVCRT:utility.obj
